{"timestamp":"2025-11-05T02:34:34,451","container":"9dc399695e78","level":"INFO","thread":"main","class":"Besu","message":"Starting Besu","throwable":""}
{"timestamp":"2025-11-05T02:34:35,148","container":"9dc399695e78","level":"WARN","thread":"main","class":"Besu","message":"--min-gas-price has been ignored because --miner-enabled was not defined on the command line.","throwable":""}
{"timestamp":"2025-11-05T02:34:36,977","container":"9dc399695e78","level":"INFO","thread":"main","class":"Besu","message":"
####################################################################################################
#                                                                                                  #
# Besu version 23.4.1                                                                              #
#                                                                                                  #
# Configuration:                                                                                   #
# Network: Custom genesis file specified                                                           #
# Network Id: 1337                                                                                 #
# Data storage: Forest                                                                             #
# Sync mode: Full                                                                                  #
# RPC HTTP APIs: EEA,WEB3,ETH,NET,TRACE,DEBUG,ADMIN,TXPOOL,PRIV,PERM,QBFT                          #
# RPC HTTP port: 8545                                                                              #
#                                                                                                  #
# Host:                                                                                            #
# Java: openjdk-java-17                                                                            #
# Maximum heap size: 3.87 GB                                                                       #
# OS: linux-x86_64                                                                                 #
# glibc: 2.35                                                                                      #
# jemalloc: 5.2.1-0-gea6b3e973b477b8061e0076bb257dbd7f3faa756                                      #
# Total memory: 15.48 GB                                                                           #
# CPU cores: 20                                                                                    #
#                                                                                                  #
####################################################################################################","throwable":""}
{"timestamp":"2025-11-05T02:34:36,977","container":"9dc399695e78","level":"INFO","thread":"main","class":"Besu","message":"Connecting to 8 static nodes.","throwable":""}
{"timestamp":"2025-11-05T02:34:36,977","container":"9dc399695e78","level":"INFO","thread":"main","class":"Besu","message":"Security Module: localfile","throwable":""}
{"timestamp":"2025-11-05T02:34:37,033","container":"9dc399695e78","level":"INFO","thread":"main","class":"Besu","message":"Using the native implementation of alt bn128","throwable":""}
{"timestamp":"2025-11-05T02:34:37,085","container":"9dc399695e78","level":"INFO","thread":"main","class":"Besu","message":"Using the native implementation of modexp","throwable":""}
{"timestamp":"2025-11-05T02:34:37,085","container":"9dc399695e78","level":"INFO","thread":"main","class":"Besu","message":"Using the native implementation of the signature algorithm","throwable":""}
{"timestamp":"2025-11-05T02:34:37,090","container":"9dc399695e78","level":"INFO","thread":"main","class":"Besu","message":"Using the native implementation of the blake2bf algorithm","throwable":""}
{"timestamp":"2025-11-05T02:34:37,109","container":"9dc399695e78","level":"INFO","thread":"main","class":"RocksDBKeyValueStorageFactory","message":"No existing database detected at /opt/besu/data. Using version 1","throwable":""}
{"timestamp":"2025-11-05T02:34:38,679","container":"9dc399695e78","level":"INFO","thread":"main","class":"KeyPairUtil","message":"Loaded public key 0x59cf0c623c582fa9b19bdf70fb6bade07f4ae32218dd4d1c7e2c7e65acf87da45cf2ab55d16d27360aafef17622c37c09db60d7680ebcc17b78867f4c05bcaa4 from /opt/besu/keys/nodekey","throwable":""}
{"timestamp":"2025-11-05T02:34:38,684","container":"9dc399695e78","level":"WARN","thread":"main","class":"Besu","message":"Privacy is disabled. Cannot use EEA/PRIV API methods when not using Privacy.","throwable":""}
{"timestamp":"2025-11-05T02:34:39,714","container":"9dc399695e78","level":"INFO","thread":"main","class":"ProtocolScheduleBuilder","message":"Protocol schedule created with milestones: [GrayGlacier: 0]","throwable":""}
{"timestamp":"2025-11-05T02:34:39,958","container":"9dc399695e78","level":"INFO","thread":"main","class":"TransactionPoolFactory","message":"Enabling transaction pool","throwable":""}
{"timestamp":"2025-11-05T02:34:39,974","container":"9dc399695e78","level":"INFO","thread":"main","class":"BesuControllerBuilder","message":"TTD difficulty is not present, creating initial sync phase for PoW","throwable":""}
{"timestamp":"2025-11-05T02:34:40,063","container":"9dc399695e78","level":"INFO","thread":"main","class":"RunnerBuilder","message":"Detecting NAT service.","throwable":""}
{"timestamp":"2025-11-05T02:34:41,505","container":"9dc399695e78","level":"INFO","thread":"main","class":"Runner","message":"Starting external services ... ","throwable":""}
{"timestamp":"2025-11-05T02:34:41,505","container":"9dc399695e78","level":"INFO","thread":"main","class":"MetricsHttpService","message":"Starting metrics http service on 0.0.0.0:9545","throwable":""}
{"timestamp":"2025-11-05T02:34:41,831","container":"9dc399695e78","level":"INFO","thread":"vert.x-eventloop-thread-1","class":"MetricsHttpService","message":"Metrics service started and listening on 0.0.0.0:9545","throwable":""}
{"timestamp":"2025-11-05T02:34:41,832","container":"9dc399695e78","level":"INFO","thread":"main","class":"JsonRpcHttpService","message":"Starting JSON-RPC service on 0.0.0.0:8545","throwable":""}
{"timestamp":"2025-11-05T02:34:41,865","container":"9dc399695e78","level":"INFO","thread":"vert.x-eventloop-thread-1","class":"JsonRpcHttpService","message":"JSON-RPC service started and listening on 0.0.0.0:8545","throwable":""}
{"timestamp":"2025-11-05T02:34:41,877","container":"9dc399695e78","level":"INFO","thread":"main","class":"GraphQLHttpService","message":"Starting GraphQL HTTP service on 0.0.0.0:8547","throwable":""}
{"timestamp":"2025-11-05T02:34:41,883","container":"9dc399695e78","level":"INFO","thread":"vert.x-eventloop-thread-1","class":"GraphQLHttpService","message":"GraphQL HTTP service started and listening on 0.0.0.0:8547","throwable":""}
{"timestamp":"2025-11-05T02:34:41,884","container":"9dc399695e78","level":"INFO","thread":"main","class":"WebSocketService","message":"Starting Websocket service on 0.0.0.0:8546","throwable":""}
{"timestamp":"2025-11-05T02:34:41,890","container":"9dc399695e78","level":"INFO","thread":"vert.x-eventloop-thread-1","class":"WebSocketService","message":"Websocket service started and listening on 0.0.0.0:8546","throwable":""}
{"timestamp":"2025-11-05T02:34:41,894","container":"9dc399695e78","level":"INFO","thread":"main","class":"AutoTransactionLogBloomCachingService","message":"Starting auto transaction log bloom caching service.","throwable":""}
{"timestamp":"2025-11-05T02:34:41,896","container":"9dc399695e78","level":"INFO","thread":"main","class":"LogBloomCacheMetadata","message":"Lookup cache metadata file in data directory: /opt/besu/data/caches","throwable":""}
{"timestamp":"2025-11-05T02:34:41,918","container":"9dc399695e78","level":"INFO","thread":"main","class":"Runner","message":"Starting Ethereum main loop ... ","throwable":""}
{"timestamp":"2025-11-05T02:34:41,919","container":"9dc399695e78","level":"INFO","thread":"main","class":"DockerNatManager","message":"Starting docker NAT manager.","throwable":""}
{"timestamp":"2025-11-05T02:34:43,311","container":"9dc399695e78","level":"INFO","thread":"main","class":"NetworkRunner","message":"Starting Network.","throwable":""}
{"timestamp":"2025-11-05T02:34:43,324","container":"9dc399695e78","level":"INFO","thread":"nioEventLoopGroup-2-1","class":"RlpxAgent","message":"P2P RLPx agent started and listening on /[0:0:0:0:0:0:0:0]:30303.","throwable":""}
{"timestamp":"2025-11-05T02:34:43,325","container":"9dc399695e78","level":"INFO","thread":"main","class":"PeerDiscoveryAgent","message":"Starting peer discovery agent on host=0.0.0.0, port=30303","throwable":""}
{"timestamp":"2025-11-05T02:34:43,345","container":"9dc399695e78","level":"INFO","thread":"vert.x-eventloop-thread-1","class":"VertxPeerDiscoveryAgent","message":"Started peer discovery agent successfully, on effective host=0:0:0:0:0:0:0:0%0 and port=30303","throwable":""}
{"timestamp":"2025-11-05T02:34:43,346","container":"9dc399695e78","level":"INFO","thread":"vert.x-eventloop-thread-1","class":"PeerDiscoveryAgent","message":"P2P peer discovery agent started and listening on /[0:0:0:0:0:0:0:0%0]:30303","throwable":""}
{"timestamp":"2025-11-05T02:34:43,390","container":"9dc399695e78","level":"INFO","thread":"vert.x-eventloop-thread-1","class":"PeerDiscoveryAgent","message":"Writing node record to disk. NodeRecord{seq=1, publicKey=0x0259cf0c623c582fa9b19bdf70fb6bade07f4ae32218dd4d1c7e2c7e65acf87da4, udpAddress=Optional[/172.16.239.13:30303], tcpAddress=Optional[/172.16.239.13:30303], asBase64=-Je4QEwrxpJX6Z8Z-NI-zZK3waUCiyEbaWX8dlDAiyaPJABSJC8hw1fT-RDBy7wnKpY8ni0P1fDQI_kmQeKPGo99gCkBg2V0aMfGhGpSrW2AgmlkgnY0gmlwhKwQ7w2Jc2VjcDI1NmsxoQJZzwxiPFgvqbGb33D7a63gf0rjIhjdTRx-LH5lrPh9pIN0Y3CCdl-DdWRwgnZf, nodeId=0x2a2fe7f9e880372cfd2bda0cce412f988377e31f4d0ff12d74df73b51c42d0ca, customFields={tcp=30303, udp=30303, ip=0xac10ef0d, eth=[[0x6a52ad6d, 0x]], id=V4, secp256k1=0x0259cf0c623c582fa9b19bdf70fb6bade07f4ae32218dd4d1c7e2c7e65acf87da4}}","throwable":""}
{"timestamp":"2025-11-05T02:34:43,448","container":"9dc399695e78","level":"INFO","thread":"main","class":"DefaultP2PNetwork","message":"Enode URL enode://59cf0c623c582fa9b19bdf70fb6bade07f4ae32218dd4d1c7e2c7e65acf87da45cf2ab55d16d27360aafef17622c37c09db60d7680ebcc17b78867f4c05bcaa4@172.16.239.13:30303","throwable":""}
{"timestamp":"2025-11-05T02:34:43,448","container":"9dc399695e78","level":"INFO","thread":"main","class":"DefaultP2PNetwork","message":"Node address 0xce412f988377e31f4d0ff12d74df73b51c42d0ca","throwable":""}
{"timestamp":"2025-11-05T02:34:43,671","container":"9dc399695e78","level":"INFO","thread":"main","class":"NetworkRunner","message":"Supported capabilities: [eth/62, eth/63, eth/64, eth/65, eth/66, eth/67, eth/68], [istanbul/100], [snap/1]","throwable":""}
{"timestamp":"2025-11-05T02:34:43,671","container":"9dc399695e78","level":"INFO","thread":"main","class":"DefaultSynchronizer","message":"Starting synchronizer.","throwable":""}
{"timestamp":"2025-11-05T02:34:43,672","container":"9dc399695e78","level":"INFO","thread":"main","class":"TransactionPoolFactory","message":"Enabling transaction handling following initial sync","throwable":""}
{"timestamp":"2025-11-05T02:34:43,683","container":"9dc399695e78","level":"INFO","thread":"main","class":"FullSyncDownloader","message":"Starting full sync.","throwable":""}
{"timestamp":"2025-11-05T02:34:43,683","container":"9dc399695e78","level":"INFO","thread":"main","class":"FullSyncTargetManager","message":"Unable to find sync target. Currently checking 0 peers for usefulness","throwable":""}
{"timestamp":"2025-11-05T02:34:43,834","container":"9dc399695e78","level":"INFO","thread":"main","class":"Runner","message":"Ethereum main loop is up.","throwable":""}
{"timestamp":"2025-11-05T02:34:44,469","container":"9dc399695e78","level":"INFO","thread":"nioEventLoopGroup-3-2","class":"FullSyncTargetManager","message":"Unable to find sync target. Currently checking 1 peers for usefulness","throwable":""}
{"timestamp":"2025-11-05T02:34:44,483","container":"9dc399695e78","level":"INFO","thread":"nioEventLoopGroup-3-10","class":"FullSyncTargetManager","message":"Unable to find sync target. Currently checking 2 peers for usefulness","throwable":""}
{"timestamp":"2025-11-05T02:34:44,537","container":"9dc399695e78","level":"INFO","thread":"nioEventLoopGroup-3-7","class":"FullSyncTargetManager","message":"Unable to find sync target. Currently checking 4 peers for usefulness","throwable":""}
{"timestamp":"2025-11-05T02:34:44,550","container":"9dc399695e78","level":"INFO","thread":"nioEventLoopGroup-3-8","class":"FullSyncTargetManager","message":"Unable to find sync target. Currently checking 5 peers for usefulness","throwable":""}
{"timestamp":"2025-11-05T02:34:44,976","container":"9dc399695e78","level":"INFO","thread":"BftProcessorExecutor-QBFT-0","class":"QbftBesuControllerBuilder","message":"Imported #1 / 0 tx / 0 pending / 0 (0.0%) gas / (0x69dd3a66ea13c03c5aae7a07fcd535d81adbdb9f7bb07374a7310ce9d5af8137)","throwable":""}
{"timestamp":"2025-11-05T02:34:49,554","container":"9dc399695e78","level":"INFO","thread":"EthScheduler-Timer-0","class":"FullSyncTargetManager","message":"Unable to find sync target. Currently checking 5 peers for usefulness","throwable":""}
{"timestamp":"2025-11-05T02:34:52,728","container":"9dc399695e78","level":"INFO","thread":"BftProcessorExecutor-QBFT-0","class":"QbftBesuControllerBuilder","message":"Imported #2 / 0 tx / 0 pending / 0 (0.0%) gas / (0x8051566fb7933d9d8f502fc1b2a61d029d83314d5bb80fff558b0ef5c5183b68)","throwable":""}
{"timestamp":"2025-11-05T02:35:01,029","container":"9dc399695e78","level":"INFO","thread":"BftProcessorExecutor-QBFT-0","class":"QbftBesuControllerBuilder","message":"Imported #3 / 0 tx / 0 pending / 0 (0.0%) gas / (0xe41f66c8b5ef838717ebaf930337423f21c0efdecc384c9874e262670a6613fd)","throwable":""}
{"timestamp":"2025-11-05T02:35:09,031","container":"9dc399695e78","level":"INFO","thread":"BftProcessorExecutor-QBFT-0","class":"QbftBesuControllerBuilder","message":"Produced #4 / 0 tx / 0 pending / 0 (0.0%) gas / (0x43b354a3e5127074a291412410299079cc4a8ca5fa5b7b1271a3a41ef7b8198f)","throwable":""}
{"timestamp":"2025-11-05T02:35:17,021","container":"9dc399695e78","level":"INFO","thread":"BftProcessorExecutor-QBFT-0","class":"QbftBesuControllerBuilder","message":"Imported #5 / 0 tx / 0 pending / 0 (0.0%) gas / (0x5db72851b6bff220e9124e6411d9cd54404c38287c37e5056b54154d62ab670d)","throwable":""}
{"timestamp":"2025-11-05T02:35:25,684","container":"9dc399695e78","level":"INFO","thread":"BftProcessorExecutor-QBFT-0","class":"QbftBesuControllerBuilder","message":"Imported #6 / 0 tx / 0 pending / 0 (0.0%) gas / (0xa2b8b478d4581ee2a7fa0937815c2892b4f9d40f95b2401ae56e9df0958a4802)","throwable":""}
{"timestamp":"2025-11-05T02:35:34,014","container":"9dc399695e78","level":"INFO","thread":"BftProcessorExecutor-QBFT-0","class":"QbftBesuControllerBuilder","message":"Imported #7 / 0 tx / 0 pending / 0 (0.0%) gas / (0xcc62156a6788b6738ce596fac9e717c50892377c517bd7121bc0be8a201aa8ab)","throwable":""}
{"timestamp":"2025-11-05T02:35:42,017","container":"9dc399695e78","level":"INFO","thread":"BftProcessorExecutor-QBFT-0","class":"QbftBesuControllerBuilder","message":"Produced #8 / 0 tx / 0 pending / 0 (0.0%) gas / (0x3859dbd6acba7d267a86f4687935fba66e51116aabc4758610806d1cd47cc97b)","throwable":""}
{"timestamp":"2025-11-05T02:35:50,022","container":"9dc399695e78","level":"INFO","thread":"BftProcessorExecutor-QBFT-0","class":"QbftBesuControllerBuilder","message":"Imported #9 / 0 tx / 0 pending / 0 (0.0%) gas / (0x430621ddf6719de1f2781f9f0a36165fb37b8a601151efc8860b3addd1cdacd2)","throwable":""}
{"timestamp":"2025-11-05T02:35:58,022","container":"9dc399695e78","level":"INFO","thread":"BftProcessorExecutor-QBFT-0","class":"QbftBesuControllerBuilder","message":"Imported #10 / 0 tx / 0 pending / 0 (0.0%) gas / (0xf38a4c7b320bb2c099939d3d13bfe1c35564c9ec9ba56cb46bcba972113543b2)","throwable":""}
{"timestamp":"2025-11-05T02:36:06,022","container":"9dc399695e78","level":"INFO","thread":"BftProcessorExecutor-QBFT-0","class":"QbftBesuControllerBuilder","message":"Imported #11 / 0 tx / 0 pending / 0 (0.0%) gas / (0x14aa226880047b7957b63f77243396f2ad464c702ba588abb5564d184156495c)","throwable":""}
{"timestamp":"2025-11-05T02:36:06,028","container":"9dc399695e78","level":"INFO","thread":"EthScheduler-Workers-0","class":"PersistBlockTask","message":"Block 11 (0x14aa226880047b7957b63f77243396f2ad464c702ba588abb5564d184156495c) is already imported","throwable":""}
{"timestamp":"2025-11-05T02:36:14,678","container":"9dc399695e78","level":"INFO","thread":"BftProcessorExecutor-QBFT-0","class":"QbftBesuControllerBuilder","message":"Produced #12 / 0 tx / 0 pending / 0 (0.0%) gas / (0x2b789b679845bde4bdcd6f76c95d13d2cf076458c198a9049cf712c6c78fe268)","throwable":""}
{"timestamp":"2025-11-05T02:36:23,013","container":"9dc399695e78","level":"INFO","thread":"BftProcessorExecutor-QBFT-0","class":"QbftBesuControllerBuilder","message":"Imported #13 / 0 tx / 0 pending / 0 (0.0%) gas / (0x5a644e9cebfbfc609e0e739a81e3aeb9b9139d19d9af3b206f008aef0a2fd61e)","throwable":""}
{"timestamp":"2025-11-05T02:36:31,016","container":"9dc399695e78","level":"INFO","thread":"BftProcessorExecutor-QBFT-0","class":"QbftBesuControllerBuilder","message":"Imported #14 / 0 tx / 0 pending / 0 (0.0%) gas / (0xcf8ca470e8002d9fb23fe092e8bbee7e6f88b2c1e072270ee0bff0f260c3f241)","throwable":""}
{"timestamp":"2025-11-05T02:36:39,021","container":"9dc399695e78","level":"INFO","thread":"EthScheduler-Workers-0","class":"PersistBlockTask","message":"Imported #15 / 0 tx / 0 om / 0 (0.0%) gas / (0x205c09f0e405c0659f6279ca133962942f914346d32da6aad9bc51ca451592c2) in 0.003s. Peers: 5","throwable":""}
{"timestamp":"2025-11-05T02:36:47,590","container":"9dc399695e78","level":"INFO","thread":"EthScheduler-Workers-0","class":"PersistBlockTask","message":"Imported #16 / 0 tx / 0 om / 0 (0.0%) gas / (0x54664a2db6914d0ba178a6cc4e883a3b2c93792916b6981da95efcdf6aaea4fb) in 0.002s. Peers: 5","throwable":""}
{"timestamp":"2025-11-05T02:36:47,591","container":"9dc399695e78","level":"INFO","thread":"BftProcessorExecutor-QBFT-0","class":"QbftBesuControllerBuilder","message":"Produced #16 / 0 tx / 0 pending / 0 (0.0%) gas / (0x54664a2db6914d0ba178a6cc4e883a3b2c93792916b6981da95efcdf6aaea4fb)","throwable":""}
{"timestamp":"2025-11-05T02:36:56,016","container":"9dc399695e78","level":"INFO","thread":"EthScheduler-Workers-0","class":"PersistBlockTask","message":"Block 17 (0xd670f86e08cff49a4c55e1a0e37189bc56fd3436569153a139bc9458b6d2de25) is already imported","throwable":""}
{"timestamp":"2025-11-05T02:36:56,017","container":"9dc399695e78","level":"INFO","thread":"BftProcessorExecutor-QBFT-0","class":"QbftBesuControllerBuilder","message":"Imported #17 / 0 tx / 0 pending / 0 (0.0%) gas / (0xd670f86e08cff49a4c55e1a0e37189bc56fd3436569153a139bc9458b6d2de25)","throwable":""}
{"timestamp":"2025-11-05T02:37:04,023","container":"9dc399695e78","level":"INFO","thread":"EthScheduler-Workers-0","class":"PersistBlockTask","message":"Block 18 (0x3f683f6639c9f9a2665d498769a276b54b6d7f306ccc848e3cee1f98e4de4799) is already imported","throwable":""}
{"timestamp":"2025-11-05T02:37:04,024","container":"9dc399695e78","level":"INFO","thread":"BftProcessorExecutor-QBFT-0","class":"QbftBesuControllerBuilder","message":"Imported #18 / 0 tx / 0 pending / 0 (0.0%) gas / (0x3f683f6639c9f9a2665d498769a276b54b6d7f306ccc848e3cee1f98e4de4799)","throwable":""}
{"timestamp":"2025-11-05T02:37:12,011","container":"9dc399695e78","level":"INFO","thread":"BftProcessorExecutor-QBFT-0","class":"QbftBesuControllerBuilder","message":"Imported #19 / 0 tx / 0 pending / 0 (0.0%) gas / (0xb402a40c2773a8057221c4c43f74aee3797f94200a5786769ec2bb02fd165492)","throwable":""}
{"timestamp":"2025-11-05T02:37:20,698","container":"9dc399695e78","level":"INFO","thread":"BftProcessorExecutor-QBFT-0","class":"QbftBesuControllerBuilder","message":"Produced #20 / 0 tx / 0 pending / 0 (0.0%) gas / (0x0dd70b727768b1c124d741841959cd02ca07bc3c955108dda9faf86fbf3c985b)","throwable":""}
{"timestamp":"2025-11-05T02:37:29,009","container":"9dc399695e78","level":"INFO","thread":"BftProcessorExecutor-QBFT-0","class":"QbftBesuControllerBuilder","message":"Imported #21 / 0 tx / 0 pending / 0 (0.0%) gas / (0xdab9a768ab4dee7c9f07953545a73b80edc805ff9de50d422b41bd4823059573)","throwable":""}
{"timestamp":"2025-11-05T02:37:37,014","container":"9dc399695e78","level":"INFO","thread":"BftProcessorExecutor-QBFT-0","class":"QbftBesuControllerBuilder","message":"Imported #22 / 0 tx / 0 pending / 0 (0.0%) gas / (0x8f747a5da0dfec8e35cc57c4e7f12b4ec94ed104c4c4106f66ff7af78801bd8f)","throwable":""}
{"timestamp":"2025-11-05T02:37:45,020","container":"9dc399695e78","level":"INFO","thread":"BftProcessorExecutor-QBFT-0","class":"QbftBesuControllerBuilder","message":"Imported #23 / 0 tx / 0 pending / 0 (0.0%) gas / (0x5a231e14ccfd7575d7e46c65e5adbbfe0f472bbff8911837deff951b248f416e)","throwable":""}
{"timestamp":"2025-11-05T02:37:53,548","container":"9dc399695e78","level":"INFO","thread":"EthScheduler-Workers-0","class":"PersistBlockTask","message":"Block 24 (0xad2c76b1d72b3113315c394306d733ac8ea878d0d134dd6e794a25c66429f6dc) is already imported","throwable":""}
{"timestamp":"2025-11-05T02:37:53,549","container":"9dc399695e78","level":"INFO","thread":"BftProcessorExecutor-QBFT-0","class":"QbftBesuControllerBuilder","message":"Produced #24 / 0 tx / 0 pending / 0 (0.0%) gas / (0xad2c76b1d72b3113315c394306d733ac8ea878d0d134dd6e794a25c66429f6dc)","throwable":""}
{"timestamp":"2025-11-05T02:38:02,011","container":"9dc399695e78","level":"INFO","thread":"BftProcessorExecutor-QBFT-0","class":"QbftBesuControllerBuilder","message":"Imported #25 / 0 tx / 0 pending / 0 (0.0%) gas / (0x14d130fa735626454e0f763afc0b673db94c820e3f155a85174b11e04085d426)","throwable":""}
{"timestamp":"2025-11-05T02:38:10,015","container":"9dc399695e78","level":"INFO","thread":"EthScheduler-Workers-0","class":"PersistBlockTask","message":"Block 26 (0x3f30cc4226fc506a128fcfa750886bf853af3b249bb9b755125071c132228eaa) is already imported","throwable":""}
{"timestamp":"2025-11-05T02:38:10,017","container":"9dc399695e78","level":"INFO","thread":"BftProcessorExecutor-QBFT-0","class":"QbftBesuControllerBuilder","message":"Imported #26 / 0 tx / 0 pending / 0 (0.0%) gas / (0x3f30cc4226fc506a128fcfa750886bf853af3b249bb9b755125071c132228eaa)","throwable":""}
{"timestamp":"2025-11-05T02:38:18,012","container":"9dc399695e78","level":"INFO","thread":"BftProcessorExecutor-QBFT-0","class":"QbftBesuControllerBuilder","message":"Imported #27 / 0 tx / 0 pending / 0 (0.0%) gas / (0x04be75d8249a78a6371271cf7a86ae4efa9cd2ba7046ed6a9603632862dfc289)","throwable":""}
{"timestamp":"2025-11-05T02:38:26,725","container":"9dc399695e78","level":"INFO","thread":"BftProcessorExecutor-QBFT-0","class":"QbftBesuControllerBuilder","message":"Produced #28 / 0 tx / 0 pending / 0 (0.0%) gas / (0x4afb4720d90820676f9fe3da364cf6ac7c8e063d6adb603d6ce50b7829d3818e)","throwable":""}
{"timestamp":"2025-11-05T02:38:35,012","container":"9dc399695e78","level":"INFO","thread":"EthScheduler-Workers-0","class":"PersistBlockTask","message":"Block 29 (0x6798353974a8f88b6c22ad8b8e1715fce933c922408d65269c8b3b13eaa98add) is already imported","throwable":""}
{"timestamp":"2025-11-05T02:38:35,013","container":"9dc399695e78","level":"INFO","thread":"BftProcessorExecutor-QBFT-0","class":"QbftBesuControllerBuilder","message":"Imported #29 / 0 tx / 0 pending / 0 (0.0%) gas / (0x6798353974a8f88b6c22ad8b8e1715fce933c922408d65269c8b3b13eaa98add)","throwable":""}
{"timestamp":"2025-11-05T02:38:43,010","container":"9dc399695e78","level":"INFO","thread":"BftProcessorExecutor-QBFT-0","class":"QbftBesuControllerBuilder","message":"Imported #30 / 0 tx / 0 pending / 0 (0.0%) gas / (0x32e1aefbb2b3324ea76c178596f36ed9bd233bd40174fe40b255c2ee3726d0f7)","throwable":""}
{"timestamp":"2025-11-05T02:38:51,010","container":"9dc399695e78","level":"INFO","thread":"BftProcessorExecutor-QBFT-0","class":"QbftBesuControllerBuilder","message":"Imported #31 / 0 tx / 0 pending / 0 (0.0%) gas / (0x9b94e02df6842c314528c56d0bfcddbd84d98a519198b24f376f5e16602b98ce)","throwable":""}
{"timestamp":"2025-11-05T02:38:59,692","container":"9dc399695e78","level":"INFO","thread":"EthScheduler-Workers-0","class":"PersistBlockTask","message":"Block 32 (0x672674a7e30862c8a690fdf004fa21c9aeec1e874d8ce9404ce9b0956ad338c1) is already imported","throwable":""}
{"timestamp":"2025-11-05T02:38:59,692","container":"9dc399695e78","level":"INFO","thread":"BftProcessorExecutor-QBFT-0","class":"QbftBesuControllerBuilder","message":"Produced #32 / 0 tx / 0 pending / 0 (0.0%) gas / (0x672674a7e30862c8a690fdf004fa21c9aeec1e874d8ce9404ce9b0956ad338c1)","throwable":""}
{"timestamp":"2025-11-05T02:39:08,019","container":"9dc399695e78","level":"INFO","thread":"BftProcessorExecutor-QBFT-0","class":"QbftBesuControllerBuilder","message":"Imported #33 / 0 tx / 0 pending / 0 (0.0%) gas / (0x39da639e50bf9ac3c59ba63cae1ad4f521bf3950125983ade4391182c46a96bd)","throwable":""}
{"timestamp":"2025-11-05T02:39:16,012","container":"9dc399695e78","level":"INFO","thread":"BftProcessorExecutor-QBFT-0","class":"QbftBesuControllerBuilder","message":"Imported #34 / 0 tx / 0 pending / 0 (0.0%) gas / (0x6212936771140a2cc4b0d18eda5e17bc1ffa44af63b33ef437aabd82fefbb591)","throwable":""}
{"timestamp":"2025-11-05T02:39:24,014","container":"9dc399695e78","level":"INFO","thread":"EthScheduler-Workers-0","class":"PersistBlockTask","message":"Block 35 (0x7c8592a0816e444fef3e0f696801ba5aa2b781a67354d1c8f25b20f9f1dbec83) is already imported","throwable":""}
{"timestamp":"2025-11-05T02:39:24,015","container":"9dc399695e78","level":"INFO","thread":"BftProcessorExecutor-QBFT-0","class":"QbftBesuControllerBuilder","message":"Imported #35 / 0 tx / 0 pending / 0 (0.0%) gas / (0x7c8592a0816e444fef3e0f696801ba5aa2b781a67354d1c8f25b20f9f1dbec83)","throwable":""}
{"timestamp":"2025-11-05T02:39:32,704","container":"9dc399695e78","level":"INFO","thread":"BftProcessorExecutor-QBFT-0","class":"QbftBesuControllerBuilder","message":"Produced #36 / 0 tx / 0 pending / 0 (0.0%) gas / (0x30171a3be2d2a59bbe885fd665e3283557f2fe8a139b7dad27139f5b79b5c577)","throwable":""}
{"timestamp":"2025-11-05T02:39:41,012","container":"9dc399695e78","level":"INFO","thread":"BftProcessorExecutor-QBFT-0","class":"QbftBesuControllerBuilder","message":"Imported #37 / 0 tx / 0 pending / 0 (0.0%) gas / (0xd89e691aaaf781deac2f9a0c37b7203b1f133610b83c2943f5376b4981502036)","throwable":""}
{"timestamp":"2025-11-05T02:39:49,011","container":"9dc399695e78","level":"INFO","thread":"BftProcessorExecutor-QBFT-0","class":"QbftBesuControllerBuilder","message":"Imported #38 / 0 tx / 0 pending / 0 (0.0%) gas / (0xd0a29b4e9ef22238beef7ecb7193ff3c5d4b59c721f070c252b351b6d01a788d)","throwable":""}
{"timestamp":"2025-11-05T02:39:57,013","container":"9dc399695e78","level":"INFO","thread":"BftProcessorExecutor-QBFT-0","class":"QbftBesuControllerBuilder","message":"Imported #39 / 0 tx / 0 pending / 0 (0.0%) gas / (0x55364a3f72b0fb4a2572c553841dd5a2393b477da80bdead303f649eb5dd9858)","throwable":""}
{"timestamp":"2025-11-05T02:40:05,704","container":"9dc399695e78","level":"INFO","thread":"BftProcessorExecutor-QBFT-0","class":"QbftBesuControllerBuilder","message":"Produced #40 / 0 tx / 0 pending / 0 (0.0%) gas / (0xdeede56e3c43131ce55bde8f7f96136d28bf88e19f1d324459ccf99be43b99e9)","throwable":""}
{"timestamp":"2025-11-05T02:40:14,010","container":"9dc399695e78","level":"INFO","thread":"BftProcessorExecutor-QBFT-0","class":"QbftBesuControllerBuilder","message":"Imported #41 / 0 tx / 0 pending / 0 (0.0%) gas / (0x3ce120a8ebff3cb5085c6b7abe0c5b772a4f35a4eff693135339dc808ae6cbd9)","throwable":""}
{"timestamp":"2025-11-05T02:40:22,013","container":"9dc399695e78","level":"INFO","thread":"EthScheduler-Workers-0","class":"PersistBlockTask","message":"Imported #42 / 0 tx / 0 om / 0 (0.0%) gas / (0x3b4bf5c801b36848bccd5d96c061e733f5102c401f1173a2a967bdc0c4c20910) in 0.001s. Peers: 5","throwable":""}
{"timestamp":"2025-11-05T02:40:22,013","container":"9dc399695e78","level":"INFO","thread":"BftProcessorExecutor-QBFT-0","class":"QbftBesuControllerBuilder","message":"Imported #42 / 0 tx / 0 pending / 0 (0.0%) gas / (0x3b4bf5c801b36848bccd5d96c061e733f5102c401f1173a2a967bdc0c4c20910)","throwable":""}
{"timestamp":"2025-11-05T02:40:30,019","container":"9dc399695e78","level":"INFO","thread":"BftProcessorExecutor-QBFT-0","class":"QbftBesuControllerBuilder","message":"Imported #43 / 0 tx / 0 pending / 0 (0.0%) gas / (0xaea131b24903cc3131dceccc1a8664cae7e5664f821a13a7506e1947ae286928)","throwable":""}
{"timestamp":"2025-11-05T02:40:38,715","container":"9dc399695e78","level":"INFO","thread":"BftProcessorExecutor-QBFT-0","class":"QbftBesuControllerBuilder","message":"Produced #44 / 0 tx / 0 pending / 0 (0.0%) gas / (0x4cba49181a3bae409adfbd1f8571571f219a49e6fd2c53b15d150966e11e24d2)","throwable":""}
{"timestamp":"2025-11-05T02:40:47,010","container":"9dc399695e78","level":"INFO","thread":"EthScheduler-Workers-0","class":"PersistBlockTask","message":"Block 45 (0x6e031ae9ba2593e9071ac6213a7a1eeff0e78a986d9418d28848b4f9f9959484) is already imported","throwable":""}
{"timestamp":"2025-11-05T02:40:47,011","container":"9dc399695e78","level":"INFO","thread":"BftProcessorExecutor-QBFT-0","class":"QbftBesuControllerBuilder","message":"Imported #45 / 0 tx / 0 pending / 0 (0.0%) gas / (0x6e031ae9ba2593e9071ac6213a7a1eeff0e78a986d9418d28848b4f9f9959484)","throwable":""}
{"timestamp":"2025-11-05T02:40:55,010","container":"9dc399695e78","level":"INFO","thread":"BftProcessorExecutor-QBFT-0","class":"QbftBesuControllerBuilder","message":"Imported #46 / 0 tx / 0 pending / 0 (0.0%) gas / (0xc27dfc420503f87d315a4d18540a403bcf29bd55c9ce7c24aee65df0afbdaf36)","throwable":""}
{"timestamp":"2025-11-05T02:41:03,008","container":"9dc399695e78","level":"INFO","thread":"BftProcessorExecutor-QBFT-0","class":"QbftBesuControllerBuilder","message":"Imported #47 / 0 tx / 0 pending / 0 (0.0%) gas / (0xe36a388dc87adb544a41b7dea150ed8f6924876c9577ff544ff97773f702fd59)","throwable":""}
{"timestamp":"2025-11-05T02:41:11,722","container":"9dc399695e78","level":"INFO","thread":"BftProcessorExecutor-QBFT-0","class":"QbftBesuControllerBuilder","message":"Produced #48 / 0 tx / 0 pending / 0 (0.0%) gas / (0x34fb3b22f649f9e12e2e97580fdd2bf45f5ceb4f700e5f7875bf85708a0db911)","throwable":""}
{"timestamp":"2025-11-05T02:41:20,011","container":"9dc399695e78","level":"INFO","thread":"BftProcessorExecutor-QBFT-0","class":"QbftBesuControllerBuilder","message":"Imported #49 / 0 tx / 0 pending / 0 (0.0%) gas / (0x5dec4bfd9eca4108eaa5aef3c18812e28cb2bffde905bab2b6641e0dde5e550a)","throwable":""}
{"timestamp":"2025-11-05T02:41:28,015","container":"9dc399695e78","level":"INFO","thread":"EthScheduler-Workers-0","class":"PersistBlockTask","message":"Imported #50 / 0 tx / 0 om / 0 (0.0%) gas / (0x68a30f2751e334f14cc3d9adae1cabe324fa1843d0ce81d68f5b3edb60c24006) in 0.002s. Peers: 5","throwable":""}
{"timestamp":"2025-11-05T02:41:36,008","container":"9dc399695e78","level":"INFO","thread":"BftProcessorExecutor-QBFT-0","class":"QbftBesuControllerBuilder","message":"Imported #51 / 0 tx / 0 pending / 0 (0.0%) gas / (0x0f22c188eca5506565d1d607227d06a98372c90609840f96c57c581046e9679c)","throwable":""}
{"timestamp":"2025-11-05T02:41:44,791","container":"9dc399695e78","level":"INFO","thread":"BftProcessorExecutor-QBFT-0","class":"QbftBesuControllerBuilder","message":"Produced #52 / 0 tx / 0 pending / 0 (0.0%) gas / (0x1a3506b6d282e13ba8fa50a41e25ea3d2e7844ad880efc704e48f38b16ab5fda)","throwable":""}
{"timestamp":"2025-11-05T02:41:53,009","container":"9dc399695e78","level":"INFO","thread":"BftProcessorExecutor-QBFT-0","class":"QbftBesuControllerBuilder","message":"Imported #53 / 0 tx / 0 pending / 0 (0.0%) gas / (0x6a1b9db558de3f3db88967fe1c0602d3e50d1f299b14d5e3e23cb5762416ec51)","throwable":""}
{"timestamp":"2025-11-05T02:42:01,008","container":"9dc399695e78","level":"INFO","thread":"BftProcessorExecutor-QBFT-0","class":"QbftBesuControllerBuilder","message":"Imported #54 / 0 tx / 0 pending / 0 (0.0%) gas / (0x9f97c019d5535a59a4b0ecf387a1a9c9336e91a187bfabb8fbe988d72ed4afae)","throwable":""}
{"timestamp":"2025-11-05T02:42:09,007","container":"9dc399695e78","level":"INFO","thread":"BftProcessorExecutor-QBFT-0","class":"QbftBesuControllerBuilder","message":"Imported #55 / 0 tx / 0 pending / 0 (0.0%) gas / (0xaf74e73915b61f40717a0e902e3f6c87b7d46dba1f584a714cd19d0f3a43d75a)","throwable":""}
{"timestamp":"2025-11-05T02:42:17,709","container":"9dc399695e78","level":"INFO","thread":"BftProcessorExecutor-QBFT-0","class":"QbftBesuControllerBuilder","message":"Produced #56 / 0 tx / 0 pending / 0 (0.0%) gas / (0x326d6d0b782a52136aca6172f19413a8f09131530f4dccd277f8e4a354df1368)","throwable":""}
{"timestamp":"2025-11-05T02:42:26,009","container":"9dc399695e78","level":"INFO","thread":"BftProcessorExecutor-QBFT-0","class":"QbftBesuControllerBuilder","message":"Imported #57 / 0 tx / 0 pending / 0 (0.0%) gas / (0x36537f2069f9820621cacd5d1b7251ab8e96fe5228c8e9a9750a3c1ef589134b)","throwable":""}
{"timestamp":"2025-11-05T02:42:34,012","container":"9dc399695e78","level":"INFO","thread":"BftProcessorExecutor-QBFT-0","class":"QbftBesuControllerBuilder","message":"Imported #58 / 0 tx / 0 pending / 0 (0.0%) gas / (0x0f2f5f029dfa8cd51732560bbd8a7934ddf001c3e6ea2f013b8c2c3de702954f)","throwable":""}
{"timestamp":"2025-11-05T02:42:42,009","container":"9dc399695e78","level":"INFO","thread":"BftProcessorExecutor-QBFT-0","class":"QbftBesuControllerBuilder","message":"Imported #59 / 0 tx / 0 pending / 0 (0.0%) gas / (0xe8de9da8d9ccded66e0c485aa06c2740f9e873777439afc8fdf441bc403d711d)","throwable":""}
{"timestamp":"2025-11-05T02:42:50,644","container":"9dc399695e78","level":"INFO","thread":"EthScheduler-Workers-0","class":"PersistBlockTask","message":"Block 60 (0x284fad83195770358451ffd813d8f33e133e2a8a7719b5135024adcaf8d2b72d) is already imported","throwable":""}
{"timestamp":"2025-11-05T02:42:50,644","container":"9dc399695e78","level":"INFO","thread":"BftProcessorExecutor-QBFT-0","class":"QbftBesuControllerBuilder","message":"Produced #60 / 0 tx / 0 pending / 0 (0.0%) gas / (0x284fad83195770358451ffd813d8f33e133e2a8a7719b5135024adcaf8d2b72d)","throwable":""}
{"timestamp":"2025-11-05T02:42:59,011","container":"9dc399695e78","level":"INFO","thread":"BftProcessorExecutor-QBFT-0","class":"QbftBesuControllerBuilder","message":"Imported #61 / 0 tx / 0 pending / 0 (0.0%) gas / (0x9942be70a4f5228aa4df5e4697ace248524781a2d7fec52bc26af8015830c084)","throwable":""}
{"timestamp":"2025-11-05T02:43:07,011","container":"9dc399695e78","level":"INFO","thread":"BftProcessorExecutor-QBFT-0","class":"QbftBesuControllerBuilder","message":"Imported #62 / 0 tx / 0 pending / 0 (0.0%) gas / (0x783e6dfbdc618a94c1e72522b4e5f87166e60c07c047d9086ecc8b97d7c9bb23)","throwable":""}
{"timestamp":"2025-11-05T02:43:15,010","container":"9dc399695e78","level":"INFO","thread":"BftProcessorExecutor-QBFT-0","class":"QbftBesuControllerBuilder","message":"Imported #63 / 0 tx / 0 pending / 0 (0.0%) gas / (0x07b9fa9c929798c041c23f69288ecfe545aff33439d5248dea5b62018bcacd4c)","throwable":""}
{"timestamp":"2025-11-05T02:43:23,676","container":"9dc399695e78","level":"INFO","thread":"BftProcessorExecutor-QBFT-0","class":"QbftBesuControllerBuilder","message":"Produced #64 / 0 tx / 0 pending / 0 (0.0%) gas / (0x10bcaa6110c298a3a58fa10c5452addf2c6d15bb405ee0ac35f0f4886538c24c)","throwable":""}
{"timestamp":"2025-11-05T02:43:32,011","container":"9dc399695e78","level":"INFO","thread":"BftProcessorExecutor-QBFT-0","class":"QbftBesuControllerBuilder","message":"Imported #65 / 0 tx / 0 pending / 0 (0.0%) gas / (0x32a76b4ade9dc2f9aef1e31a7bc6fafca2a1179a5fe28410f179d8c0467d8963)","throwable":""}
{"timestamp":"2025-11-05T02:43:32,011","container":"9dc399695e78","level":"INFO","thread":"EthScheduler-Workers-0","class":"PersistBlockTask","message":"Block 65 (0x32a76b4ade9dc2f9aef1e31a7bc6fafca2a1179a5fe28410f179d8c0467d8963) is already imported","throwable":""}
{"timestamp":"2025-11-05T02:43:40,008","container":"9dc399695e78","level":"INFO","thread":"BftProcessorExecutor-QBFT-0","class":"QbftBesuControllerBuilder","message":"Imported #66 / 0 tx / 0 pending / 0 (0.0%) gas / (0xb03022a4ff2f416aa2650d79a3646d0a479231a80d25c33b172ee118cdbe8508)","throwable":""}
{"timestamp":"2025-11-05T02:43:48,009","container":"9dc399695e78","level":"INFO","thread":"BftProcessorExecutor-QBFT-0","class":"QbftBesuControllerBuilder","message":"Imported #67 / 0 tx / 0 pending / 0 (0.0%) gas / (0xd8248212a3fba1c74e6227ae6b5c92a8f0b6ab68e16dc2d14b8a99864c6dc941)","throwable":""}
{"timestamp":"2025-11-05T02:43:56,615","container":"9dc399695e78","level":"INFO","thread":"BftProcessorExecutor-QBFT-0","class":"QbftBesuControllerBuilder","message":"Produced #68 / 0 tx / 0 pending / 0 (0.0%) gas / (0xf41362429e1cebfeed3b35298d828a252100cb48e7d431c8cb9db81c20dc1c07)","throwable":""}
{"timestamp":"2025-11-05T02:44:05,081","container":"9dc399695e78","level":"INFO","thread":"BftProcessorExecutor-QBFT-0","class":"QbftBesuControllerBuilder","message":"Imported #69 / 1 tx / 0 pending / 4,218,881 (0.0%) gas / (0x607de4a3d1c94ce16c3ec6b5dec417afa7e18e60841245753ee1526389a67049)","throwable":""}
{"timestamp":"2025-11-05T02:44:13,008","container":"9dc399695e78","level":"INFO","thread":"BftProcessorExecutor-QBFT-0","class":"QbftBesuControllerBuilder","message":"Imported #70 / 0 tx / 0 pending / 0 (0.0%) gas / (0x18f813a0c04ffb6872fbccc18c9825e873550d441b035d9203de3d74d3e3b56d)","throwable":""}
{"timestamp":"2025-11-05T02:44:21,010","container":"9dc399695e78","level":"INFO","thread":"EthScheduler-Workers-0","class":"PersistBlockTask","message":"Block 71 (0x2c3d6ede77e190a2ca1259d5d467818a6cea6107ed3eb1dc5e014fd475a8beb0) is already imported","throwable":""}
{"timestamp":"2025-11-05T02:44:21,011","container":"9dc399695e78","level":"INFO","thread":"BftProcessorExecutor-QBFT-0","class":"QbftBesuControllerBuilder","message":"Imported #71 / 0 tx / 0 pending / 0 (0.0%) gas / (0x2c3d6ede77e190a2ca1259d5d467818a6cea6107ed3eb1dc5e014fd475a8beb0)","throwable":""}
{"timestamp":"2025-11-05T02:44:29,526","container":"9dc399695e78","level":"INFO","thread":"BftProcessorExecutor-QBFT-0","class":"QbftBesuControllerBuilder","message":"Produced #72 / 1 tx / 0 pending / 4,218,881 (0.0%) gas / (0x8eceaa28e628b951c9d1849330b444b9cf2c3d9a9b4ac561a06b4d328053aea7)","throwable":""}
{"timestamp":"2025-11-05T02:44:38,010","container":"9dc399695e78","level":"INFO","thread":"BftProcessorExecutor-QBFT-0","class":"QbftBesuControllerBuilder","message":"Imported #73 / 0 tx / 0 pending / 0 (0.0%) gas / (0xf4f475b701432d6980d284310a91426a841ae26726ae6d12362a83c5b353879e)","throwable":""}
{"timestamp":"2025-11-05T02:44:46,007","container":"9dc399695e78","level":"INFO","thread":"BftProcessorExecutor-QBFT-0","class":"QbftBesuControllerBuilder","message":"Imported #74 / 0 tx / 0 pending / 0 (0.0%) gas / (0x4b7ea3f6d96c8249de25c5f5efd8513eae677ee84e2d590595c89480466b482e)","throwable":""}
{"timestamp":"2025-11-05T02:44:54,011","container":"9dc399695e78","level":"INFO","thread":"EthScheduler-Workers-0","class":"PersistBlockTask","message":"Block 75 (0xf2a60fc39795898a0f5fa10d2b7424106a7d11ad1905e301cacdd846b959cd25) is already imported","throwable":""}
{"timestamp":"2025-11-05T02:44:54,011","container":"9dc399695e78","level":"INFO","thread":"BftProcessorExecutor-QBFT-0","class":"QbftBesuControllerBuilder","message":"Imported #75 / 0 tx / 0 pending / 0 (0.0%) gas / (0xf2a60fc39795898a0f5fa10d2b7424106a7d11ad1905e301cacdd846b959cd25)","throwable":""}
{"timestamp":"2025-11-05T02:45:02,552","container":"9dc399695e78","level":"INFO","thread":"BftProcessorExecutor-QBFT-0","class":"QbftBesuControllerBuilder","message":"Produced #76 / 0 tx / 0 pending / 0 (0.0%) gas / (0x7a0797a492267f89eb36d9d488fa500ff7d60901df163c11f96f6f08800bd9d8)","throwable":""}
{"timestamp":"2025-11-05T02:45:11,009","container":"9dc399695e78","level":"INFO","thread":"BftProcessorExecutor-QBFT-0","class":"QbftBesuControllerBuilder","message":"Imported #77 / 0 tx / 0 pending / 0 (0.0%) gas / (0x4c7f994cbcdd9b0f05018dd21dc47d9d967ec89be6d3afff93cfff147cb06fac)","throwable":""}
{"timestamp":"2025-11-05T02:45:19,009","container":"9dc399695e78","level":"INFO","thread":"BftProcessorExecutor-QBFT-0","class":"QbftBesuControllerBuilder","message":"Imported #78 / 0 tx / 0 pending / 0 (0.0%) gas / (0xae96699fb1d97f9abd21390c15feb9332fbaf73840a308bd8929072f0a2977ad)","throwable":""}
{"timestamp":"2025-11-05T02:45:27,007","container":"9dc399695e78","level":"INFO","thread":"BftProcessorExecutor-QBFT-0","class":"QbftBesuControllerBuilder","message":"Imported #79 / 0 tx / 0 pending / 0 (0.0%) gas / (0xc1883615ceb55cdd9cb99f6f680300a65279137152db97222f5fd01b0f94ec81)","throwable":""}
{"timestamp":"2025-11-05T02:45:35,576","container":"9dc399695e78","level":"INFO","thread":"BftProcessorExecutor-QBFT-0","class":"QbftBesuControllerBuilder","message":"Produced #80 / 0 tx / 0 pending / 0 (0.0%) gas / (0xff4c6623f0c058e0e61d5368c8233d064821153fb9d3f88737abafc6a482a89d)","throwable":""}
{"timestamp":"2025-11-05T02:45:44,010","container":"9dc399695e78","level":"INFO","thread":"BftProcessorExecutor-QBFT-0","class":"QbftBesuControllerBuilder","message":"Imported #81 / 0 tx / 0 pending / 0 (0.0%) gas / (0xb1ab39c2b1db45290a11592e5a43b0a8a1f977406f88cadd1ef3f58a37472e8e)","throwable":""}
{"timestamp":"2025-11-05T02:45:52,007","container":"9dc399695e78","level":"INFO","thread":"BftProcessorExecutor-QBFT-0","class":"QbftBesuControllerBuilder","message":"Imported #82 / 0 tx / 0 pending / 0 (0.0%) gas / (0x23b8d65925065a713403750c4d41a7e5a42955e73d902fa34f107a441491b75f)","throwable":""}
{"timestamp":"2025-11-05T02:46:00,012","container":"9dc399695e78","level":"INFO","thread":"EthScheduler-Workers-0","class":"PersistBlockTask","message":"Block 83 (0xf71a9f332d0f1627339555940545baf426a4fbde7cde079cae65a8a54ac43894) is already imported","throwable":""}
{"timestamp":"2025-11-05T02:46:00,012","container":"9dc399695e78","level":"INFO","thread":"BftProcessorExecutor-QBFT-0","class":"QbftBesuControllerBuilder","message":"Imported #83 / 0 tx / 0 pending / 0 (0.0%) gas / (0xf71a9f332d0f1627339555940545baf426a4fbde7cde079cae65a8a54ac43894)","throwable":""}
{"timestamp":"2025-11-05T02:46:08,565","container":"9dc399695e78","level":"INFO","thread":"BftProcessorExecutor-QBFT-0","class":"QbftBesuControllerBuilder","message":"Produced #84 / 0 tx / 0 pending / 0 (0.0%) gas / (0x2efc044dd758610e1728c819cdb45a6245ab1a8c88365b8ba78b824b1e3144c3)","throwable":""}
{"timestamp":"2025-11-05T02:46:17,010","container":"9dc399695e78","level":"INFO","thread":"BftProcessorExecutor-QBFT-0","class":"QbftBesuControllerBuilder","message":"Imported #85 / 0 tx / 0 pending / 0 (0.0%) gas / (0x00a52bdd5a94ee989492c709afcdf729f6a9c6c36125b9ed716ae40e909122bb)","throwable":""}
{"timestamp":"2025-11-05T02:46:25,011","container":"9dc399695e78","level":"INFO","thread":"BftProcessorExecutor-QBFT-0","class":"QbftBesuControllerBuilder","message":"Imported #86 / 0 tx / 0 pending / 0 (0.0%) gas / (0x0c25339190db61046ce6e9b1d5c9fb0e4b5c8912d1017b5a8115b23d03039617)","throwable":""}
