{"timestamp":"2025-09-23T11:28:16,257","container":"259647b50f1a","level":"INFO","thread":"main","class":"Besu","message":"Starting Besu","throwable":""}
{"timestamp":"2025-09-23T11:28:16,808","container":"259647b50f1a","level":"WARN","thread":"main","class":"Besu","message":"--min-gas-price has been ignored because --miner-enabled was not defined on the command line.","throwable":""}
{"timestamp":"2025-09-23T11:28:17,890","container":"259647b50f1a","level":"INFO","thread":"main","class":"Besu","message":"
####################################################################################################
#                                                                                                  #
# Besu version 23.4.1                                                                              #
#                                                                                                  #
# Configuration:                                                                                   #
# Network: Custom genesis file specified                                                           #
# Network Id: 1337                                                                                 #
# Data storage: Forest                                                                             #
# Sync mode: Full                                                                                  #
# RPC HTTP APIs: EEA,WEB3,ETH,NET,TRACE,DEBUG,ADMIN,TXPOOL,PRIV,PERM,QBFT                          #
# RPC HTTP port: 8545                                                                              #
#                                                                                                  #
# Host:                                                                                            #
# Java: openjdk-java-17                                                                            #
# Maximum heap size: 3.87 GB                                                                       #
# OS: linux-x86_64                                                                                 #
# glibc: 2.35                                                                                      #
# jemalloc: 5.2.1-0-gea6b3e973b477b8061e0076bb257dbd7f3faa756                                      #
# Total memory: 15.48 GB                                                                           #
# CPU cores: 20                                                                                    #
#                                                                                                  #
####################################################################################################","throwable":""}
{"timestamp":"2025-09-23T11:28:17,890","container":"259647b50f1a","level":"INFO","thread":"main","class":"Besu","message":"Connecting to 8 static nodes.","throwable":""}
{"timestamp":"2025-09-23T11:28:17,891","container":"259647b50f1a","level":"INFO","thread":"main","class":"Besu","message":"Security Module: localfile","throwable":""}
{"timestamp":"2025-09-23T11:28:17,944","container":"259647b50f1a","level":"INFO","thread":"main","class":"Besu","message":"Using the native implementation of alt bn128","throwable":""}
{"timestamp":"2025-09-23T11:28:17,972","container":"259647b50f1a","level":"INFO","thread":"main","class":"Besu","message":"Using the native implementation of modexp","throwable":""}
{"timestamp":"2025-09-23T11:28:17,973","container":"259647b50f1a","level":"INFO","thread":"main","class":"Besu","message":"Using the native implementation of the signature algorithm","throwable":""}
{"timestamp":"2025-09-23T11:28:17,977","container":"259647b50f1a","level":"INFO","thread":"main","class":"Besu","message":"Using the native implementation of the blake2bf algorithm","throwable":""}
{"timestamp":"2025-09-23T11:28:17,998","container":"259647b50f1a","level":"INFO","thread":"main","class":"RocksDBKeyValueStorageFactory","message":"No existing database detected at /opt/besu/data. Using version 1","throwable":""}
{"timestamp":"2025-09-23T11:28:19,000","container":"259647b50f1a","level":"INFO","thread":"main","class":"KeyPairUtil","message":"Loaded public key 0x86fcc16f4730fbfd238dc17ea552854c0943923bb1d5e886e5601b8d884fb0519060e0023f495dd24ffe60a65660fb7fdcdebfceedd2b3673dfa63658825924b from /opt/besu/keys/nodekey","throwable":""}
{"timestamp":"2025-09-23T11:28:19,021","container":"259647b50f1a","level":"WARN","thread":"main","class":"Besu","message":"Privacy is disabled. Cannot use EEA/PRIV API methods when not using Privacy.","throwable":""}
{"timestamp":"2025-09-23T11:28:19,379","container":"259647b50f1a","level":"INFO","thread":"main","class":"ProtocolScheduleBuilder","message":"Protocol schedule created with milestones: [GrayGlacier: 0]","throwable":""}
{"timestamp":"2025-09-23T11:28:19,586","container":"259647b50f1a","level":"INFO","thread":"main","class":"TransactionPoolFactory","message":"Enabling transaction pool","throwable":""}
{"timestamp":"2025-09-23T11:28:19,613","container":"259647b50f1a","level":"INFO","thread":"main","class":"BesuControllerBuilder","message":"TTD difficulty is not present, creating initial sync phase for PoW","throwable":""}
{"timestamp":"2025-09-23T11:28:19,683","container":"259647b50f1a","level":"INFO","thread":"main","class":"RunnerBuilder","message":"Detecting NAT service.","throwable":""}
{"timestamp":"2025-09-23T11:28:20,552","container":"259647b50f1a","level":"INFO","thread":"main","class":"Runner","message":"Starting external services ... ","throwable":""}
{"timestamp":"2025-09-23T11:28:20,553","container":"259647b50f1a","level":"INFO","thread":"main","class":"MetricsHttpService","message":"Starting metrics http service on 0.0.0.0:9545","throwable":""}
{"timestamp":"2025-09-23T11:28:20,665","container":"259647b50f1a","level":"INFO","thread":"main","class":"JsonRpcHttpService","message":"Starting JSON-RPC service on 0.0.0.0:8545","throwable":""}
{"timestamp":"2025-09-23T11:28:20,665","container":"259647b50f1a","level":"INFO","thread":"vert.x-eventloop-thread-1","class":"MetricsHttpService","message":"Metrics service started and listening on 0.0.0.0:9545","throwable":""}
{"timestamp":"2025-09-23T11:28:20,679","container":"259647b50f1a","level":"INFO","thread":"vert.x-eventloop-thread-1","class":"JsonRpcHttpService","message":"JSON-RPC service started and listening on 0.0.0.0:8545","throwable":""}
{"timestamp":"2025-09-23T11:28:20,681","container":"259647b50f1a","level":"INFO","thread":"main","class":"GraphQLHttpService","message":"Starting GraphQL HTTP service on 0.0.0.0:8547","throwable":""}
{"timestamp":"2025-09-23T11:28:20,684","container":"259647b50f1a","level":"INFO","thread":"vert.x-eventloop-thread-1","class":"GraphQLHttpService","message":"GraphQL HTTP service started and listening on 0.0.0.0:8547","throwable":""}
{"timestamp":"2025-09-23T11:28:20,685","container":"259647b50f1a","level":"INFO","thread":"main","class":"WebSocketService","message":"Starting Websocket service on 0.0.0.0:8546","throwable":""}
{"timestamp":"2025-09-23T11:28:20,687","container":"259647b50f1a","level":"INFO","thread":"vert.x-eventloop-thread-1","class":"WebSocketService","message":"Websocket service started and listening on 0.0.0.0:8546","throwable":""}
{"timestamp":"2025-09-23T11:28:20,690","container":"259647b50f1a","level":"INFO","thread":"main","class":"AutoTransactionLogBloomCachingService","message":"Starting auto transaction log bloom caching service.","throwable":""}
{"timestamp":"2025-09-23T11:28:20,691","container":"259647b50f1a","level":"INFO","thread":"main","class":"LogBloomCacheMetadata","message":"Lookup cache metadata file in data directory: /opt/besu/data/caches","throwable":""}
{"timestamp":"2025-09-23T11:28:20,707","container":"259647b50f1a","level":"INFO","thread":"main","class":"Runner","message":"Starting Ethereum main loop ... ","throwable":""}
{"timestamp":"2025-09-23T11:28:20,707","container":"259647b50f1a","level":"INFO","thread":"main","class":"DockerNatManager","message":"Starting docker NAT manager.","throwable":""}
{"timestamp":"2025-09-23T11:28:21,960","container":"259647b50f1a","level":"INFO","thread":"main","class":"NetworkRunner","message":"Starting Network.","throwable":""}
{"timestamp":"2025-09-23T11:28:21,975","container":"259647b50f1a","level":"INFO","thread":"nioEventLoopGroup-2-1","class":"RlpxAgent","message":"P2P RLPx agent started and listening on /[0:0:0:0:0:0:0:0]:30303.","throwable":""}
{"timestamp":"2025-09-23T11:28:21,977","container":"259647b50f1a","level":"INFO","thread":"main","class":"PeerDiscoveryAgent","message":"Starting peer discovery agent on host=0.0.0.0, port=30303","throwable":""}
{"timestamp":"2025-09-23T11:28:22,001","container":"259647b50f1a","level":"INFO","thread":"vert.x-eventloop-thread-1","class":"VertxPeerDiscoveryAgent","message":"Started peer discovery agent successfully, on effective host=0:0:0:0:0:0:0:0%0 and port=30303","throwable":""}
{"timestamp":"2025-09-23T11:28:22,002","container":"259647b50f1a","level":"INFO","thread":"vert.x-eventloop-thread-1","class":"PeerDiscoveryAgent","message":"P2P peer discovery agent started and listening on /[0:0:0:0:0:0:0:0%0]:30303","throwable":""}
{"timestamp":"2025-09-23T11:28:22,052","container":"259647b50f1a","level":"INFO","thread":"vert.x-eventloop-thread-1","class":"PeerDiscoveryAgent","message":"Writing node record to disk. NodeRecord{seq=1, publicKey=0x0386fcc16f4730fbfd238dc17ea552854c0943923bb1d5e886e5601b8d884fb051, udpAddress=Optional[/172.16.239.15:30303], tcpAddress=Optional[/172.16.239.15:30303], asBase64=-Je4QOxyHXxV6ZzNHKaPSqpf_YRL0lOyGp6TSjDkSB8AA9M2Hkfk-akqDQhAraJXRVy-xTEKDxFzctd2ohaZZrt-fqABg2V0aMfGhGpSrW2AgmlkgnY0gmlwhKwQ7w-Jc2VjcDI1NmsxoQOG_MFvRzD7_SONwX6lUoVMCUOSO7HV6IblYBuNiE-wUYN0Y3CCdl-DdWRwgnZf, nodeId=0x133b4f32d7750cdfd4048f04df8b560be949c229c821731554c33ead5e3888a4, customFields={tcp=30303, udp=30303, ip=0xac10ef0f, eth=[[0x6a52ad6d, 0x]], id=V4, secp256k1=0x0386fcc16f4730fbfd238dc17ea552854c0943923bb1d5e886e5601b8d884fb051}}","throwable":""}
{"timestamp":"2025-09-23T11:28:22,136","container":"259647b50f1a","level":"INFO","thread":"main","class":"DefaultP2PNetwork","message":"Enode URL enode://86fcc16f4730fbfd238dc17ea552854c0943923bb1d5e886e5601b8d884fb0519060e0023f495dd24ffe60a65660fb7fdcdebfceedd2b3673dfa63658825924b@172.16.239.15:30303","throwable":""}
{"timestamp":"2025-09-23T11:28:22,136","container":"259647b50f1a","level":"INFO","thread":"main","class":"DefaultP2PNetwork","message":"Node address 0xdf8b560be949c229c821731554c33ead5e3888a4","throwable":""}
{"timestamp":"2025-09-23T11:28:22,222","container":"259647b50f1a","level":"INFO","thread":"main","class":"NetworkRunner","message":"Supported capabilities: [eth/62, eth/63, eth/64, eth/65, eth/66, eth/67, eth/68], [istanbul/100], [snap/1]","throwable":""}
{"timestamp":"2025-09-23T11:28:22,223","container":"259647b50f1a","level":"INFO","thread":"main","class":"DefaultSynchronizer","message":"Starting synchronizer.","throwable":""}
{"timestamp":"2025-09-23T11:28:22,227","container":"259647b50f1a","level":"INFO","thread":"main","class":"TransactionPoolFactory","message":"Enabling transaction handling following initial sync","throwable":""}
{"timestamp":"2025-09-23T11:28:22,248","container":"259647b50f1a","level":"INFO","thread":"main","class":"FullSyncDownloader","message":"Starting full sync.","throwable":""}
{"timestamp":"2025-09-23T11:28:22,248","container":"259647b50f1a","level":"INFO","thread":"main","class":"FullSyncTargetManager","message":"Unable to find sync target. Currently checking 0 peers for usefulness","throwable":""}
{"timestamp":"2025-09-23T11:28:22,295","container":"259647b50f1a","level":"INFO","thread":"main","class":"Runner","message":"Ethereum main loop is up.","throwable":""}
{"timestamp":"2025-09-23T11:28:22,380","container":"259647b50f1a","level":"INFO","thread":"nioEventLoopGroup-3-1","class":"FullSyncTargetManager","message":"Unable to find sync target. Currently checking 3 peers for usefulness","throwable":""}
{"timestamp":"2025-09-23T11:28:22,572","container":"259647b50f1a","level":"INFO","thread":"nioEventLoopGroup-3-9","class":"FullSyncTargetManager","message":"Unable to find sync target. Currently checking 4 peers for usefulness","throwable":""}
{"timestamp":"2025-09-23T11:28:22,593","container":"259647b50f1a","level":"INFO","thread":"nioEventLoopGroup-3-7","class":"FullSyncTargetManager","message":"Unable to find sync target. Currently checking 5 peers for usefulness","throwable":""}
{"timestamp":"2025-09-23T11:28:27,595","container":"259647b50f1a","level":"INFO","thread":"EthScheduler-Timer-0","class":"FullSyncTargetManager","message":"Unable to find sync target. Currently checking 5 peers for usefulness","throwable":""}
{"timestamp":"2025-09-23T11:28:32,572","container":"259647b50f1a","level":"INFO","thread":"EthScheduler-Workers-0","class":"PersistBlockTask","message":"Imported #1 / 0 tx / 0 om / 0 (0.0%) gas / (0x14e99bb72dd42b569b1e94f779812dfbf4051079552ff78496c829c029e63ba0) in 0.010s. Peers: 5","throwable":""}
{"timestamp":"2025-09-23T11:28:32,596","container":"259647b50f1a","level":"INFO","thread":"EthScheduler-Timer-0","class":"FullSyncTargetManager","message":"Unable to find sync target. Currently checking 5 peers for usefulness","throwable":""}
{"timestamp":"2025-09-23T11:28:38,343","container":"259647b50f1a","level":"INFO","thread":"EthScheduler-Timer-0","class":"FullSyncTargetManager","message":"Unable to find sync target. Currently checking 5 peers for usefulness","throwable":""}
{"timestamp":"2025-09-23T11:28:40,777","container":"259647b50f1a","level":"INFO","thread":"EthScheduler-Workers-0","class":"PersistBlockTask","message":"Imported #2 / 0 tx / 0 om / 0 (0.0%) gas / (0xb1908d64c7295776e0e17749f4f2e0edbec83d9fc2e863ca0ea74ffeead8293a) in 0.003s. Peers: 5","throwable":""}
{"timestamp":"2025-09-23T11:28:49,030","container":"259647b50f1a","level":"INFO","thread":"EthScheduler-Workers-0","class":"PersistBlockTask","message":"Imported #3 / 0 tx / 0 om / 0 (0.0%) gas / (0xd28752b18c72a9d7b143ae129d8744579fe39845ddcb506532399c3b431247f3) in 0.002s. Peers: 5","throwable":""}
{"timestamp":"2025-09-23T11:28:57,025","container":"259647b50f1a","level":"INFO","thread":"EthScheduler-Workers-0","class":"PersistBlockTask","message":"Imported #4 / 0 tx / 0 om / 0 (0.0%) gas / (0x07b0f28fd306aa17c2b3a12e6856ff8862933a137379a65afb276915357416ff) in 0.003s. Peers: 5","throwable":""}
{"timestamp":"2025-09-23T11:29:05,023","container":"259647b50f1a","level":"INFO","thread":"EthScheduler-Workers-0","class":"PersistBlockTask","message":"Imported #5 / 0 tx / 0 om / 0 (0.0%) gas / (0x35fe337dc9265ab9b06362ea5077dc38e537b48fe0334d609b3a0c6c02734b67) in 0.002s. Peers: 5","throwable":""}
{"timestamp":"2025-09-23T11:29:13,650","container":"259647b50f1a","level":"INFO","thread":"EthScheduler-Workers-0","class":"PersistBlockTask","message":"Imported #6 / 0 tx / 0 om / 0 (0.0%) gas / (0x6397ebc78e59337c4530a6027e8543c4621398a2fa40c4aa23775114aa9ae320) in 0.002s. Peers: 5","throwable":""}
{"timestamp":"2025-09-23T11:29:22,021","container":"259647b50f1a","level":"INFO","thread":"EthScheduler-Workers-0","class":"PersistBlockTask","message":"Imported #7 / 0 tx / 0 om / 0 (0.0%) gas / (0x5f70c3d03ebf1034d0532aab652c2b039c73069d1e8712e14526e80675de8749) in 0.002s. Peers: 5","throwable":""}
{"timestamp":"2025-09-23T11:29:30,035","container":"259647b50f1a","level":"INFO","thread":"EthScheduler-Workers-0","class":"PersistBlockTask","message":"Imported #8 / 0 tx / 0 om / 0 (0.0%) gas / (0x358af3b790b177230be980656838d7e0fa7924ff3c050287893a1df98e4b2f37) in 0.005s. Peers: 5","throwable":""}
{"timestamp":"2025-09-23T11:29:38,024","container":"259647b50f1a","level":"INFO","thread":"EthScheduler-Workers-0","class":"PersistBlockTask","message":"Imported #9 / 0 tx / 0 om / 0 (0.0%) gas / (0x90bc6a372df1398e1588354df84b69aaf028f19f5557869f5c328fcc9b30bb8c) in 0.003s. Peers: 5","throwable":""}
{"timestamp":"2025-09-23T11:29:46,886","container":"259647b50f1a","level":"INFO","thread":"EthScheduler-Workers-0","class":"PersistBlockTask","message":"Imported #10 / 0 tx / 0 om / 0 (0.0%) gas / (0xcf189c38e403b45d50502f5ef22959c9d7288eb4dffe5f93f3bcbe4f55b1259a) in 0.005s. Peers: 5","throwable":""}
{"timestamp":"2025-09-23T11:29:55,020","container":"259647b50f1a","level":"INFO","thread":"EthScheduler-Workers-0","class":"PersistBlockTask","message":"Imported #11 / 0 tx / 0 om / 0 (0.0%) gas / (0x2fd8c0bd3001982ce30dc5bf8052f4b93e6b95a2996b04123e4a5acedcfaed6b) in 0.003s. Peers: 5","throwable":""}
{"timestamp":"2025-09-23T11:30:03,023","container":"259647b50f1a","level":"INFO","thread":"EthScheduler-Workers-0","class":"PersistBlockTask","message":"Imported #12 / 0 tx / 0 om / 0 (0.0%) gas / (0x73af97d4bb40f150c527e0b365751b8b3686616b4871765c166ab4e3fd57a0ff) in 0.002s. Peers: 5","throwable":""}
{"timestamp":"2025-09-23T11:30:11,019","container":"259647b50f1a","level":"INFO","thread":"EthScheduler-Workers-0","class":"PersistBlockTask","message":"Imported #13 / 0 tx / 0 om / 0 (0.0%) gas / (0x9010165636f39b3a72b9fe3672512c9e95f141fddca902391fd8125a0e0dd8bc) in 0.002s. Peers: 5","throwable":""}
{"timestamp":"2025-09-23T11:30:19,872","container":"259647b50f1a","level":"INFO","thread":"EthScheduler-Workers-0","class":"PersistBlockTask","message":"Imported #14 / 1 tx / 0 om / 3,300,129 (0.0%) gas / (0xc3bcf8811a88932734604774c8b6f06cc219cefe74b546d952b2fc63c499f591) in 0.032s. Peers: 5","throwable":""}
{"timestamp":"2025-09-23T11:30:28,024","container":"259647b50f1a","level":"INFO","thread":"EthScheduler-Workers-0","class":"PersistBlockTask","message":"Imported #15 / 0 tx / 0 om / 0 (0.0%) gas / (0xcf641c3c041622b3ae38ea169748b06e9e39aa6c836086ae68f9034c16ec47d4) in 0.003s. Peers: 5","throwable":""}
{"timestamp":"2025-09-23T11:30:36,018","container":"259647b50f1a","level":"INFO","thread":"EthScheduler-Workers-0","class":"PersistBlockTask","message":"Imported #16 / 0 tx / 0 om / 0 (0.0%) gas / (0xce0588083a99934b237ad9fbe5214b9bf2d3bd1005269df670db87a5dfb3b2fd) in 0.002s. Peers: 5","throwable":""}
{"timestamp":"2025-09-23T11:30:44,024","container":"259647b50f1a","level":"INFO","thread":"EthScheduler-Workers-0","class":"PersistBlockTask","message":"Imported #17 / 1 tx / 0 om / 125,641 (0.0%) gas / (0xdead1d98ba198cd4e3e25e6ba57834e38af0c3048c05c563fda099a8f196cc21) in 0.006s. Peers: 5","throwable":""}
{"timestamp":"2025-09-23T11:30:52,930","container":"259647b50f1a","level":"INFO","thread":"EthScheduler-Workers-0","class":"PersistBlockTask","message":"Imported #18 / 0 tx / 0 om / 0 (0.0%) gas / (0x857b5257d97296cbda610ced8f83ea37f20f01969c1e9741acebe9c2d962a69e) in 0.002s. Peers: 5","throwable":""}
{"timestamp":"2025-09-23T11:31:01,014","container":"259647b50f1a","level":"INFO","thread":"EthScheduler-Workers-0","class":"PersistBlockTask","message":"Imported #19 / 0 tx / 0 om / 0 (0.0%) gas / (0x7412df87a6eb8d92f40ea5b4f94eea4fa33718881df5919d4b1e797f3df37cdf) in 0.002s. Peers: 5","throwable":""}
{"timestamp":"2025-09-23T11:31:09,018","container":"259647b50f1a","level":"INFO","thread":"EthScheduler-Workers-0","class":"PersistBlockTask","message":"Imported #20 / 0 tx / 0 om / 0 (0.0%) gas / (0x3784f80827748c232023d96ab955bf2eedd78d6285338232179efa755e9f71f3) in 0.003s. Peers: 5","throwable":""}
{"timestamp":"2025-09-23T11:31:17,016","container":"259647b50f1a","level":"INFO","thread":"EthScheduler-Workers-0","class":"PersistBlockTask","message":"Imported #21 / 0 tx / 0 om / 0 (0.0%) gas / (0xe25e171df3411761748cc66465b580f6d32d21ce56eed9dd14bc547296e171b2) in 0.002s. Peers: 5","throwable":""}
{"timestamp":"2025-09-23T11:31:25,835","container":"259647b50f1a","level":"INFO","thread":"EthScheduler-Workers-0","class":"PersistBlockTask","message":"Imported #22 / 0 tx / 0 om / 0 (0.0%) gas / (0xcd6a243b2d89b08d2b88a6a8467b92f1334def8e9123d9640d0608e296971414) in 0.002s. Peers: 5","throwable":""}
{"timestamp":"2025-09-23T11:31:34,013","container":"259647b50f1a","level":"INFO","thread":"EthScheduler-Workers-0","class":"PersistBlockTask","message":"Imported #23 / 0 tx / 0 om / 0 (0.0%) gas / (0x3e246fb9052c2e25e2f0b724825f5e555ccac5c549db4bc86479445420a79d48) in 0.002s. Peers: 5","throwable":""}
{"timestamp":"2025-09-23T11:31:42,016","container":"259647b50f1a","level":"INFO","thread":"EthScheduler-Workers-0","class":"PersistBlockTask","message":"Imported #24 / 0 tx / 0 om / 0 (0.0%) gas / (0x774a3da1cc0d82954e932d17930cb556c1195ae7ac07f294be284e7514fff272) in 0.002s. Peers: 5","throwable":""}
{"timestamp":"2025-09-23T11:31:50,015","container":"259647b50f1a","level":"INFO","thread":"EthScheduler-Workers-0","class":"PersistBlockTask","message":"Imported #25 / 0 tx / 0 om / 0 (0.0%) gas / (0xa3d64683427281086d917f860711905adb4183116d2e357b32c5a841b4560812) in 0.002s. Peers: 5","throwable":""}
{"timestamp":"2025-09-23T11:31:58,896","container":"259647b50f1a","level":"INFO","thread":"EthScheduler-Workers-0","class":"PersistBlockTask","message":"Imported #26 / 0 tx / 0 om / 0 (0.0%) gas / (0xa080e18a7e2d70b5eeaef7030267237b94d539273e21af9eb43fd731da88386a) in 0.004s. Peers: 5","throwable":""}
{"timestamp":"2025-09-23T11:32:07,032","container":"259647b50f1a","level":"INFO","thread":"EthScheduler-Workers-0","class":"PersistBlockTask","message":"Imported #27 / 1 tx / 0 om / 43,702 (0.0%) gas / (0x22bea2b31741efe924756ff402496108c9298086a43f18f48abe416321b692bc) in 0.009s. Peers: 5","throwable":""}
{"timestamp":"2025-09-23T11:32:15,020","container":"259647b50f1a","level":"INFO","thread":"EthScheduler-Workers-0","class":"PersistBlockTask","message":"Imported #28 / 0 tx / 0 om / 0 (0.0%) gas / (0x4e20d09131a65880a0bc0c116c354ec0495a37a03f24e0bf2aeeb92880eefe95) in 0.002s. Peers: 5","throwable":""}
{"timestamp":"2025-09-23T11:32:23,018","container":"259647b50f1a","level":"INFO","thread":"EthScheduler-Workers-0","class":"PersistBlockTask","message":"Imported #29 / 0 tx / 0 om / 0 (0.0%) gas / (0x372fcb3e41d0e61fcd6db7125b85f365854719a80c7b136334986891233aa706) in 0.002s. Peers: 5","throwable":""}
{"timestamp":"2025-09-23T11:32:31,873","container":"259647b50f1a","level":"INFO","thread":"EthScheduler-Workers-0","class":"PersistBlockTask","message":"Imported #30 / 0 tx / 0 om / 0 (0.0%) gas / (0xbe7c569c42d80485214839d0b0bab66edd547631fbc5f8aafb904cf3cbf56890) in 0.002s. Peers: 5","throwable":""}
{"timestamp":"2025-09-23T11:32:40,023","container":"259647b50f1a","level":"INFO","thread":"EthScheduler-Workers-0","class":"PersistBlockTask","message":"Imported #31 / 1 tx / 0 om / 23,802 (0.0%) gas / (0x3d8ad07f59c68298ffe3a38d9cfaa258e0e74e94182d1fd8d9d72053199b5f9e) in 0.006s. Peers: 5","throwable":""}
{"timestamp":"2025-09-23T11:32:48,013","container":"259647b50f1a","level":"INFO","thread":"EthScheduler-Workers-0","class":"PersistBlockTask","message":"Imported #32 / 0 tx / 0 om / 0 (0.0%) gas / (0x3f6b199273c34c2687c3c2e67ba4a63f45d345ae59bf5851e37b2106b51b7ae8) in 0.002s. Peers: 5","throwable":""}
{"timestamp":"2025-09-23T11:32:56,016","container":"259647b50f1a","level":"INFO","thread":"EthScheduler-Workers-0","class":"PersistBlockTask","message":"Imported #33 / 0 tx / 0 om / 0 (0.0%) gas / (0x2e0ba3bb5e5627a466f517cd9b280bacd494ceed364af9138388e180efe2d5a1) in 0.001s. Peers: 5","throwable":""}
{"timestamp":"2025-09-23T11:33:04,842","container":"259647b50f1a","level":"INFO","thread":"EthScheduler-Workers-0","class":"PersistBlockTask","message":"Imported #34 / 0 tx / 0 om / 0 (0.0%) gas / (0x1e2851fdc7a09002aa565ef744dc952fd950127f62fd5c530327f40d82cd46c1) in 0.002s. Peers: 5","throwable":""}
{"timestamp":"2025-09-23T11:33:13,013","container":"259647b50f1a","level":"INFO","thread":"EthScheduler-Workers-0","class":"PersistBlockTask","message":"Imported #35 / 0 tx / 0 om / 0 (0.0%) gas / (0x41f23f3c7ca7de5372179b13751dc98432230a4671494764dcfdf35432b38822) in 0.002s. Peers: 5","throwable":""}
{"timestamp":"2025-09-23T11:33:21,013","container":"259647b50f1a","level":"INFO","thread":"EthScheduler-Workers-0","class":"PersistBlockTask","message":"Imported #36 / 0 tx / 0 om / 0 (0.0%) gas / (0x50dcad856b245743c689b03d2d18c49d44b9c136ece40303b76f62347fb68f77) in 0.002s. Peers: 5","throwable":""}
{"timestamp":"2025-09-23T11:33:29,013","container":"259647b50f1a","level":"INFO","thread":"EthScheduler-Workers-0","class":"PersistBlockTask","message":"Imported #37 / 0 tx / 0 om / 0 (0.0%) gas / (0x8ef6f04fb4de6e35f29ddaed3db3c5aae5598e0d8874f61ddf9ee1a08d773044) in 0.001s. Peers: 5","throwable":""}
{"timestamp":"2025-09-23T11:33:37,868","container":"259647b50f1a","level":"INFO","thread":"EthScheduler-Workers-0","class":"PersistBlockTask","message":"Imported #38 / 0 tx / 0 om / 0 (0.0%) gas / (0x7ce1e945ca6bde59efd267aa3d34b0be7d8174628fe2a38250339511ac741aa2) in 0.001s. Peers: 5","throwable":""}
{"timestamp":"2025-09-23T11:33:46,011","container":"259647b50f1a","level":"INFO","thread":"EthScheduler-Workers-0","class":"PersistBlockTask","message":"Imported #39 / 0 tx / 0 om / 0 (0.0%) gas / (0xd678625ac631610a7cd5ba39fa04ecd453e0a9636c28e93d51b138ffffb3202a) in 0.001s. Peers: 5","throwable":""}
{"timestamp":"2025-09-23T11:33:54,012","container":"259647b50f1a","level":"INFO","thread":"EthScheduler-Workers-0","class":"PersistBlockTask","message":"Imported #40 / 0 tx / 0 om / 0 (0.0%) gas / (0x3f7fc6617d123fb2dc7ed239755287c71974fdd46272444bd0b1624a931a34d1) in 0.001s. Peers: 5","throwable":""}
{"timestamp":"2025-09-23T11:34:02,010","container":"259647b50f1a","level":"INFO","thread":"EthScheduler-Workers-0","class":"PersistBlockTask","message":"Imported #41 / 0 tx / 0 om / 0 (0.0%) gas / (0xa73fb7e03e497a407fa5203789aac314e0cf81ef30af7e5ab0488cd61421c8de) in 0.001s. Peers: 5","throwable":""}
{"timestamp":"2025-09-23T11:34:10,859","container":"259647b50f1a","level":"INFO","thread":"EthScheduler-Workers-0","class":"PersistBlockTask","message":"Imported #42 / 0 tx / 0 om / 0 (0.0%) gas / (0x8cc7c36d054fcbf5b667c92fe7861150cf86948b80d6b3b06c6c8f6d1acf4af5) in 0.002s. Peers: 5","throwable":""}
{"timestamp":"2025-09-23T11:34:19,012","container":"259647b50f1a","level":"INFO","thread":"EthScheduler-Workers-0","class":"PersistBlockTask","message":"Imported #43 / 0 tx / 0 om / 0 (0.0%) gas / (0x21a50cca4fe4a3498b3a26d2ac24c194f8d1b939c957df95b5f6df0b531e42a6) in 0.001s. Peers: 5","throwable":""}
{"timestamp":"2025-09-23T11:34:27,011","container":"259647b50f1a","level":"INFO","thread":"EthScheduler-Workers-0","class":"PersistBlockTask","message":"Imported #44 / 0 tx / 0 om / 0 (0.0%) gas / (0x010316de80903c06dbae7e71ae3bb052087c60a8fb0a869f1a55ccafe36eb354) in 0.001s. Peers: 5","throwable":""}
{"timestamp":"2025-09-23T11:34:35,014","container":"259647b50f1a","level":"INFO","thread":"EthScheduler-Workers-0","class":"PersistBlockTask","message":"Imported #45 / 0 tx / 0 om / 0 (0.0%) gas / (0xc47bbd03529631f5acfaa6ec679f31b4896075b3b50eb9cc0b1ba84f2aa2ff4c) in 0.002s. Peers: 5","throwable":""}
{"timestamp":"2025-09-23T11:34:43,621","container":"259647b50f1a","level":"INFO","thread":"EthScheduler-Workers-0","class":"PersistBlockTask","message":"Imported #46 / 0 tx / 0 om / 0 (0.0%) gas / (0x2e0bce6389c2608531564abb0fc919d1827c532fe7c742abeac7a9e50ebe5622) in 0.001s. Peers: 5","throwable":""}
{"timestamp":"2025-09-23T11:34:52,011","container":"259647b50f1a","level":"INFO","thread":"EthScheduler-Workers-0","class":"PersistBlockTask","message":"Imported #47 / 0 tx / 0 om / 0 (0.0%) gas / (0xa40e12d63870d231a6a067f186491052d3d72ed4278ac2b115c420a166c4083f) in 0.002s. Peers: 5","throwable":""}
{"timestamp":"2025-09-23T11:35:00,010","container":"259647b50f1a","level":"INFO","thread":"EthScheduler-Workers-0","class":"PersistBlockTask","message":"Imported #48 / 0 tx / 0 om / 0 (0.0%) gas / (0x98b42716c820aefcc66f0e6fc114648385ad755a3d3ea919093896800d060296) in 0.001s. Peers: 5","throwable":""}
{"timestamp":"2025-09-23T11:35:08,012","container":"259647b50f1a","level":"INFO","thread":"EthScheduler-Workers-0","class":"PersistBlockTask","message":"Imported #49 / 0 tx / 0 om / 0 (0.0%) gas / (0x4744564e3c07fd2d6aa61fee9cba23052b4d2e4978a4be656a12dad5a6e7f748) in 0.002s. Peers: 5","throwable":""}
{"timestamp":"2025-09-23T11:35:16,689","container":"259647b50f1a","level":"INFO","thread":"EthScheduler-Workers-0","class":"PersistBlockTask","message":"Imported #50 / 0 tx / 0 om / 0 (0.0%) gas / (0x7c0883c472228716342dc0a5e059b89a5706e4506e6260b32d54685c367eb1c2) in 0.001s. Peers: 5","throwable":""}
{"timestamp":"2025-09-23T11:35:25,012","container":"259647b50f1a","level":"INFO","thread":"EthScheduler-Workers-0","class":"PersistBlockTask","message":"Imported #51 / 0 tx / 0 om / 0 (0.0%) gas / (0x65f0e7fce3720dbb6afd33ea33d9d9bd8c5300f6304ee3c1be3bf4886f114564) in 0.001s. Peers: 5","throwable":""}
{"timestamp":"2025-09-23T11:35:33,015","container":"259647b50f1a","level":"INFO","thread":"EthScheduler-Workers-0","class":"PersistBlockTask","message":"Imported #52 / 0 tx / 0 om / 0 (0.0%) gas / (0xa0c8cdd10bb27f36a025b51b2d6d8bf6b0549272df076fbd29c880d6c603ffa3) in 0.001s. Peers: 5","throwable":""}
{"timestamp":"2025-09-23T11:35:41,014","container":"259647b50f1a","level":"INFO","thread":"EthScheduler-Workers-0","class":"PersistBlockTask","message":"Imported #53 / 0 tx / 0 om / 0 (0.0%) gas / (0x262d8f9d4c1627ec38fde85999f46d15ae8cfbfee4801aa8520b166239342466) in 0.001s. Peers: 5","throwable":""}
{"timestamp":"2025-09-23T11:35:49,770","container":"259647b50f1a","level":"INFO","thread":"EthScheduler-Workers-0","class":"PersistBlockTask","message":"Imported #54 / 0 tx / 0 om / 0 (0.0%) gas / (0x9683736ebd66825cd2e281c1797b0880ce19910f990f142376002a37ef24bc3e) in 0.002s. Peers: 5","throwable":""}
{"timestamp":"2025-09-23T11:35:58,011","container":"259647b50f1a","level":"INFO","thread":"EthScheduler-Workers-0","class":"PersistBlockTask","message":"Imported #55 / 0 tx / 0 om / 0 (0.0%) gas / (0x2a8d771df7c461d1cc6089c51c0a85a52993a615ebb9a3bbbed7e9378ed52638) in 0.001s. Peers: 5","throwable":""}
{"timestamp":"2025-09-23T11:36:06,011","container":"259647b50f1a","level":"INFO","thread":"EthScheduler-Workers-0","class":"PersistBlockTask","message":"Imported #56 / 0 tx / 0 om / 0 (0.0%) gas / (0x7e9154e962c8555362542c1a3048790218b8ceb7998888786d4a32e86bee54c3) in 0.001s. Peers: 5","throwable":""}
{"timestamp":"2025-09-23T11:36:14,011","container":"259647b50f1a","level":"INFO","thread":"EthScheduler-Workers-0","class":"PersistBlockTask","message":"Imported #57 / 0 tx / 0 om / 0 (0.0%) gas / (0xc15da0bd94d8b7d2fbe08c000427050f80d1058d46709b6df18ab52eca0350b9) in 0.001s. Peers: 5","throwable":""}
{"timestamp":"2025-09-23T11:36:22,758","container":"259647b50f1a","level":"INFO","thread":"EthScheduler-Workers-0","class":"PersistBlockTask","message":"Imported #58 / 0 tx / 0 om / 0 (0.0%) gas / (0x61844db1283e7e23d16eb724ce0d199d24132c12880581445f20241b40c68c21) in 0.001s. Peers: 5","throwable":""}
{"timestamp":"2025-09-23T11:36:31,011","container":"259647b50f1a","level":"INFO","thread":"EthScheduler-Workers-0","class":"PersistBlockTask","message":"Imported #59 / 0 tx / 0 om / 0 (0.0%) gas / (0xa8bcf68e311e4a540c8322e6acbf27918ec2596bdd25286a5eaded338e8fff26) in 0.002s. Peers: 5","throwable":""}
{"timestamp":"2025-09-23T11:36:39,013","container":"259647b50f1a","level":"INFO","thread":"EthScheduler-Workers-0","class":"PersistBlockTask","message":"Imported #60 / 0 tx / 0 om / 0 (0.0%) gas / (0x0399982c87dbfcc0a6b417df9ee7b5b3d98fc0589471ee360bf0e278ff3a4edd) in 0.002s. Peers: 5","throwable":""}
{"timestamp":"2025-09-23T11:36:47,011","container":"259647b50f1a","level":"INFO","thread":"EthScheduler-Workers-0","class":"PersistBlockTask","message":"Imported #61 / 0 tx / 0 om / 0 (0.0%) gas / (0x2f54d30fb50843d04bc9b1b0e2fd019249c5fb7dd078ef0751cd226eb689893f) in 0.001s. Peers: 5","throwable":""}
{"timestamp":"2025-09-23T11:36:55,709","container":"259647b50f1a","level":"INFO","thread":"EthScheduler-Workers-0","class":"PersistBlockTask","message":"Imported #62 / 0 tx / 0 om / 0 (0.0%) gas / (0x4e8e85925a953744fcdbd9d30f4bfa9bada3506d0e5718505a9ff590e893c073) in 0.001s. Peers: 5","throwable":""}
{"timestamp":"2025-09-23T11:37:04,010","container":"259647b50f1a","level":"INFO","thread":"EthScheduler-Workers-0","class":"PersistBlockTask","message":"Imported #63 / 0 tx / 0 om / 0 (0.0%) gas / (0xe2f39ac7b49cdab10045eae17890b3389e2d1a0a3e6f2e8fbe77a8a9c8c15334) in 0.001s. Peers: 5","throwable":""}
{"timestamp":"2025-09-23T11:37:12,012","container":"259647b50f1a","level":"INFO","thread":"EthScheduler-Workers-0","class":"PersistBlockTask","message":"Imported #64 / 0 tx / 0 om / 0 (0.0%) gas / (0xd77160bc87ad5a42c51dce982c6c38f1c2ed49c882fa6363da4780a457a611c6) in 0.002s. Peers: 5","throwable":""}
{"timestamp":"2025-09-23T11:37:20,009","container":"259647b50f1a","level":"INFO","thread":"EthScheduler-Workers-0","class":"PersistBlockTask","message":"Imported #65 / 0 tx / 0 om / 0 (0.0%) gas / (0xf28391ddbc710b45ec33294aa1fbdab121a23278642b3351a8e8627beebcbfa4) in 0.001s. Peers: 5","throwable":""}
{"timestamp":"2025-09-23T11:37:28,781","container":"259647b50f1a","level":"INFO","thread":"EthScheduler-Workers-0","class":"PersistBlockTask","message":"Imported #66 / 0 tx / 0 om / 0 (0.0%) gas / (0x550e437be6b7a51812661aac91ee69f642ffc0dcae949cf3d04d903cd95567ad) in 0.001s. Peers: 5","throwable":""}
{"timestamp":"2025-09-23T11:37:37,011","container":"259647b50f1a","level":"INFO","thread":"EthScheduler-Workers-0","class":"PersistBlockTask","message":"Imported #67 / 0 tx / 0 om / 0 (0.0%) gas / (0xeb78d107f39065200c24908c66e87503265b15e9077a5130f1d0939b555574d9) in 0.001s. Peers: 5","throwable":""}
{"timestamp":"2025-09-23T11:37:45,011","container":"259647b50f1a","level":"INFO","thread":"EthScheduler-Workers-0","class":"PersistBlockTask","message":"Imported #68 / 0 tx / 0 om / 0 (0.0%) gas / (0xeb2f136c8d669aac520f7af3c9094ef9cbb2749d2163ad54e96d0015d8fa90c5) in 0.001s. Peers: 5","throwable":""}
{"timestamp":"2025-09-23T11:37:53,013","container":"259647b50f1a","level":"INFO","thread":"EthScheduler-Workers-0","class":"PersistBlockTask","message":"Imported #69 / 0 tx / 0 om / 0 (0.0%) gas / (0xa6cafb32bf7af376450a60fee046574b73f9c52e309037b0559862073306b34b) in 0.004s. Peers: 5","throwable":""}
{"timestamp":"2025-09-23T11:38:01,754","container":"259647b50f1a","level":"INFO","thread":"EthScheduler-Workers-0","class":"PersistBlockTask","message":"Imported #70 / 0 tx / 0 om / 0 (0.0%) gas / (0xc89e9977bae95c777697958949cf71f7b4ef9693f1fe2ae0394a2e7138a7def5) in 0.001s. Peers: 5","throwable":""}
{"timestamp":"2025-09-23T11:38:10,009","container":"259647b50f1a","level":"INFO","thread":"EthScheduler-Workers-0","class":"PersistBlockTask","message":"Imported #71 / 0 tx / 0 om / 0 (0.0%) gas / (0x209ca07bdb596487b916ad4c5382368aa6a98d7d3f0a310b12a38ecc506007ca) in 0.001s. Peers: 5","throwable":""}
{"timestamp":"2025-09-23T11:38:18,011","container":"259647b50f1a","level":"INFO","thread":"EthScheduler-Workers-0","class":"PersistBlockTask","message":"Imported #72 / 0 tx / 0 om / 0 (0.0%) gas / (0x5b91bafe349a9d3cc17576f3f6e7a3c54593f492f6f01c1ea715fba635bc2103) in 0.002s. Peers: 5","throwable":""}
{"timestamp":"2025-09-23T11:38:26,014","container":"259647b50f1a","level":"INFO","thread":"EthScheduler-Workers-0","class":"PersistBlockTask","message":"Imported #73 / 0 tx / 0 om / 0 (0.0%) gas / (0xe735b53bd3f309fbc156cc749c192ea03f45a8aef13bb78647549500f5f3e60a) in 0.001s. Peers: 5","throwable":""}
{"timestamp":"2025-09-23T11:38:34,740","container":"259647b50f1a","level":"INFO","thread":"EthScheduler-Workers-0","class":"PersistBlockTask","message":"Imported #74 / 0 tx / 0 om / 0 (0.0%) gas / (0x276aadef816056d926eb62ed97d1f0b1e634fc403b90bf09a5de9f80fa4cfb1f) in 0.002s. Peers: 5","throwable":""}
{"timestamp":"2025-09-23T11:38:43,013","container":"259647b50f1a","level":"INFO","thread":"EthScheduler-Workers-0","class":"PersistBlockTask","message":"Imported #75 / 0 tx / 0 om / 0 (0.0%) gas / (0x8b4da8609fb550d583f21c776b1b61175b673d9aca93d7ab9f0cb3d1f672445b) in 0.001s. Peers: 5","throwable":""}
{"timestamp":"2025-09-23T11:38:51,013","container":"259647b50f1a","level":"INFO","thread":"EthScheduler-Workers-0","class":"PersistBlockTask","message":"Imported #76 / 0 tx / 0 om / 0 (0.0%) gas / (0x3c700f9ac5494312da62358db9b59914317030a127ed60ef123e1a7231ff7103) in 0.001s. Peers: 5","throwable":""}
{"timestamp":"2025-09-23T11:38:59,010","container":"259647b50f1a","level":"INFO","thread":"EthScheduler-Workers-0","class":"PersistBlockTask","message":"Imported #77 / 0 tx / 0 om / 0 (0.0%) gas / (0xa6596965618eec6e7471b5bc300ed42714f83072d6914d4524b3d489eb732094) in 0.001s. Peers: 5","throwable":""}
{"timestamp":"2025-09-23T11:39:07,743","container":"259647b50f1a","level":"INFO","thread":"EthScheduler-Workers-0","class":"PersistBlockTask","message":"Imported #78 / 0 tx / 0 om / 0 (0.0%) gas / (0x3c1b7e78d661fb7aced20b3e777ed94c1f7e3b28a561a38676bede237f45b184) in 0.001s. Peers: 5","throwable":""}
{"timestamp":"2025-09-23T11:39:16,010","container":"259647b50f1a","level":"INFO","thread":"EthScheduler-Workers-0","class":"PersistBlockTask","message":"Imported #79 / 0 tx / 0 om / 0 (0.0%) gas / (0x1c23a601afef5e7e37a04890fa4220e43f9985a3c7747c169ff49da2d8fd2f86) in 0.001s. Peers: 5","throwable":""}
{"timestamp":"2025-09-23T11:39:24,012","container":"259647b50f1a","level":"INFO","thread":"EthScheduler-Workers-0","class":"PersistBlockTask","message":"Imported #80 / 0 tx / 0 om / 0 (0.0%) gas / (0x893523865c6885f686ac1118fd50147d1ffe1afcbf9d579c2e39a3f8dac781ff) in 0.001s. Peers: 5","throwable":""}
{"timestamp":"2025-09-23T11:39:32,011","container":"259647b50f1a","level":"INFO","thread":"EthScheduler-Workers-0","class":"PersistBlockTask","message":"Imported #81 / 0 tx / 0 om / 0 (0.0%) gas / (0x0c6ab93330b89cd43e70dc4668ca4a51bf8f11fff7163dcbd04f209b4fc67ffa) in 0.002s. Peers: 5","throwable":""}
{"timestamp":"2025-09-23T11:39:40,713","container":"259647b50f1a","level":"INFO","thread":"EthScheduler-Workers-0","class":"PersistBlockTask","message":"Imported #82 / 0 tx / 0 om / 0 (0.0%) gas / (0xd4aaad95c263c47765fccb05016b536495fcd30f24fbe13151803cb312b58fd2) in 0.001s. Peers: 5","throwable":""}
{"timestamp":"2025-09-23T11:39:49,010","container":"259647b50f1a","level":"INFO","thread":"EthScheduler-Workers-0","class":"PersistBlockTask","message":"Imported #83 / 0 tx / 0 om / 0 (0.0%) gas / (0x8b346b153c06235e9efd449d394220a8e42fd53f3af25d28a7ac9cca0c8fb1be) in 0.001s. Peers: 5","throwable":""}
{"timestamp":"2025-09-23T11:39:57,010","container":"259647b50f1a","level":"INFO","thread":"EthScheduler-Workers-0","class":"PersistBlockTask","message":"Imported #84 / 0 tx / 0 om / 0 (0.0%) gas / (0x4a2304644241253557daef4370de97115c7f1037f98a4cab798c1ffff4ec1d64) in 0.001s. Peers: 5","throwable":""}
{"timestamp":"2025-09-23T11:40:05,013","container":"259647b50f1a","level":"INFO","thread":"EthScheduler-Workers-0","class":"PersistBlockTask","message":"Imported #85 / 0 tx / 0 om / 0 (0.0%) gas / (0x2db8b929a5a41996bb5f87da473a0995a0c792d6d7e0d3bc9807473ac3fb5481) in 0.001s. Peers: 5","throwable":""}
{"timestamp":"2025-09-23T11:40:13,804","container":"259647b50f1a","level":"INFO","thread":"EthScheduler-Workers-0","class":"PersistBlockTask","message":"Imported #86 / 0 tx / 0 om / 0 (0.0%) gas / (0x4e600245ea2c05037f038557e38079152dd27bbe8d27bbf9be751f13019d1ef5) in 0.001s. Peers: 5","throwable":""}
{"timestamp":"2025-09-23T11:40:22,011","container":"259647b50f1a","level":"INFO","thread":"EthScheduler-Workers-0","class":"PersistBlockTask","message":"Imported #87 / 0 tx / 0 om / 0 (0.0%) gas / (0xa6d6d4c5d9f7cf6e3ee4842dc48108f873f08564a5feb5245a43f892b6ea02c8) in 0.001s. Peers: 5","throwable":""}
{"timestamp":"2025-09-23T11:40:30,009","container":"259647b50f1a","level":"INFO","thread":"EthScheduler-Workers-0","class":"PersistBlockTask","message":"Imported #88 / 0 tx / 0 om / 0 (0.0%) gas / (0x2b95e8b8d4b04bd064548aaa5a5834e12dacc845ba63568123c5deee6318ef26) in 0.001s. Peers: 5","throwable":""}
{"timestamp":"2025-09-23T11:40:38,011","container":"259647b50f1a","level":"INFO","thread":"EthScheduler-Workers-0","class":"PersistBlockTask","message":"Imported #89 / 0 tx / 0 om / 0 (0.0%) gas / (0xa429df9cfd22129b0cd0aa8a08e4c7ccc4eef84270f0385d33f7245e97aedd4c) in 0.001s. Peers: 5","throwable":""}
{"timestamp":"2025-09-23T11:40:46,740","container":"259647b50f1a","level":"INFO","thread":"EthScheduler-Workers-0","class":"PersistBlockTask","message":"Imported #90 / 0 tx / 0 om / 0 (0.0%) gas / (0x9548efee4fb6472c9ac7a74c462049b7bd2dae974c92ca0ac735ae33d6d185c9) in 0.001s. Peers: 5","throwable":""}
{"timestamp":"2025-09-23T11:40:55,010","container":"259647b50f1a","level":"INFO","thread":"EthScheduler-Workers-0","class":"PersistBlockTask","message":"Imported #91 / 0 tx / 0 om / 0 (0.0%) gas / (0x585cd277d2dfa036a66288a646ab6259324a5f55aa12b0aeef18a7eaad259198) in 0.001s. Peers: 5","throwable":""}
{"timestamp":"2025-09-23T11:41:03,010","container":"259647b50f1a","level":"INFO","thread":"EthScheduler-Workers-0","class":"PersistBlockTask","message":"Imported #92 / 0 tx / 0 om / 0 (0.0%) gas / (0x4d3c5e54933214f70604acb10c33ad0a3d6be8d8a87d01930a0ab0f9e9e37747) in 0.001s. Peers: 5","throwable":""}
{"timestamp":"2025-09-23T11:41:11,010","container":"259647b50f1a","level":"INFO","thread":"EthScheduler-Workers-0","class":"PersistBlockTask","message":"Imported #93 / 0 tx / 0 om / 0 (0.0%) gas / (0x35a937fd8b5c89229d3aba35483c04e00092693d233ec7325c8eb8281a8a0c8f) in 0.001s. Peers: 5","throwable":""}
{"timestamp":"2025-09-23T11:41:19,687","container":"259647b50f1a","level":"INFO","thread":"EthScheduler-Workers-0","class":"PersistBlockTask","message":"Imported #94 / 0 tx / 0 om / 0 (0.0%) gas / (0xcb73185032c288db6fa1716dcfe7d3738e633594d9d0f8f375c942fd70f0104f) in 0.001s. Peers: 5","throwable":""}
{"timestamp":"2025-09-23T11:41:28,010","container":"259647b50f1a","level":"INFO","thread":"EthScheduler-Workers-0","class":"PersistBlockTask","message":"Imported #95 / 0 tx / 0 om / 0 (0.0%) gas / (0x8736582e3f5ceb1cdce5fd72f6e768644216ecf4c59c1a089cc41d7b2d48da0d) in 0.001s. Peers: 5","throwable":""}
{"timestamp":"2025-09-23T11:41:36,009","container":"259647b50f1a","level":"INFO","thread":"EthScheduler-Workers-0","class":"PersistBlockTask","message":"Imported #96 / 0 tx / 0 om / 0 (0.0%) gas / (0xbf09640f70e3ce8477d73d2e2534c38d0731c3c3284e0f4bd0c7725bf9356707) in 0.001s. Peers: 5","throwable":""}
{"timestamp":"2025-09-23T11:41:44,013","container":"259647b50f1a","level":"INFO","thread":"EthScheduler-Workers-0","class":"PersistBlockTask","message":"Imported #97 / 0 tx / 0 om / 0 (0.0%) gas / (0x67ce4045525555ef1a0d7dc146cacc6872cc29bf2770d2544fd009caa8d1fa48) in 0.002s. Peers: 5","throwable":""}
{"timestamp":"2025-09-23T11:41:53,005","container":"259647b50f1a","level":"INFO","thread":"EthScheduler-Workers-0","class":"PersistBlockTask","message":"Imported #98 / 0 tx / 0 om / 0 (0.0%) gas / (0x912ecc5c29367ccd5bb29e275d7abc881b39226e4f3ef98095cdea1fdcb27a9a) in 0.002s. Peers: 5","throwable":""}
{"timestamp":"2025-09-23T11:42:01,013","container":"259647b50f1a","level":"INFO","thread":"EthScheduler-Workers-0","class":"PersistBlockTask","message":"Imported #99 / 0 tx / 0 om / 0 (0.0%) gas / (0xb169e99cfa496bac40e11e489b16ebf986005cfccf860913bd62a0bb85868d65) in 0.002s. Peers: 5","throwable":""}
{"timestamp":"2025-09-23T11:42:09,010","container":"259647b50f1a","level":"INFO","thread":"EthScheduler-Workers-0","class":"PersistBlockTask","message":"Imported #100 / 0 tx / 0 om / 0 (0.0%) gas / (0xf3d757f957547fa270a4111bc7d70a1ac2a21d5c70cd221c788bf6f8905a33de) in 0.001s. Peers: 5","throwable":""}
{"timestamp":"2025-09-23T11:42:17,009","container":"259647b50f1a","level":"INFO","thread":"EthScheduler-Workers-0","class":"PersistBlockTask","message":"Imported #101 / 0 tx / 0 om / 0 (0.0%) gas / (0x23ff2c45a315853eadbe0612fa818253abcab2d0a019fc8be8804dbaf839ecfc) in 0.001s. Peers: 5","throwable":""}
{"timestamp":"2025-09-23T11:42:25,761","container":"259647b50f1a","level":"INFO","thread":"EthScheduler-Workers-0","class":"PersistBlockTask","message":"Imported #102 / 0 tx / 0 om / 0 (0.0%) gas / (0xda90a7aaf04743b62196689791c0eae88aa5c08b0aac8a1859a40c88225df7a5) in 0.001s. Peers: 5","throwable":""}
{"timestamp":"2025-09-23T11:42:34,010","container":"259647b50f1a","level":"INFO","thread":"EthScheduler-Workers-0","class":"PersistBlockTask","message":"Imported #103 / 0 tx / 0 om / 0 (0.0%) gas / (0x9553bf2856d9db1f13ec404ec7c4f5b2a59837fbd9349e96f65ec655ad0f82d9) in 0.002s. Peers: 5","throwable":""}
{"timestamp":"2025-09-23T11:42:42,012","container":"259647b50f1a","level":"INFO","thread":"EthScheduler-Workers-0","class":"PersistBlockTask","message":"Imported #104 / 0 tx / 0 om / 0 (0.0%) gas / (0x9020e8efc2783608fa1f680f221ca049e24dfc7f275cde8f5a18f6805005bf7c) in 0.002s. Peers: 5","throwable":""}
{"timestamp":"2025-09-23T11:42:50,010","container":"259647b50f1a","level":"INFO","thread":"EthScheduler-Workers-0","class":"PersistBlockTask","message":"Imported #105 / 0 tx / 0 om / 0 (0.0%) gas / (0xe615502aa83722513a0774e01ecba2299d16533df8d0224a5c9fd909a5f86e45) in 0.001s. Peers: 5","throwable":""}
{"timestamp":"2025-09-23T11:42:58,650","container":"259647b50f1a","level":"INFO","thread":"EthScheduler-Workers-0","class":"PersistBlockTask","message":"Imported #106 / 0 tx / 0 om / 0 (0.0%) gas / (0x5e6f8a192f5b04920a6474f8490868930ce5d53bc116fc3be6527cc17e314228) in 0.002s. Peers: 5","throwable":""}
{"timestamp":"2025-09-23T11:43:07,011","container":"259647b50f1a","level":"INFO","thread":"EthScheduler-Workers-0","class":"PersistBlockTask","message":"Imported #107 / 0 tx / 0 om / 0 (0.0%) gas / (0xadb1d5881bb0ede791706b2a8730a66acd148018a511485f7e2d6fbd1fe62b1f) in 0.001s. Peers: 5","throwable":""}
{"timestamp":"2025-09-23T11:43:15,012","container":"259647b50f1a","level":"INFO","thread":"EthScheduler-Workers-0","class":"PersistBlockTask","message":"Imported #108 / 0 tx / 0 om / 0 (0.0%) gas / (0x3b241d10b8f617bf55a03a4027e9b35a5413df8f00ba392ccba7341367399dcb) in 0.001s. Peers: 5","throwable":""}
{"timestamp":"2025-09-23T11:43:23,012","container":"259647b50f1a","level":"INFO","thread":"EthScheduler-Workers-0","class":"PersistBlockTask","message":"Imported #109 / 0 tx / 0 om / 0 (0.0%) gas / (0x6b974115f522b372f7b279ccbf21bed643f2961758006c1a01d2d5105380934a) in 0.001s. Peers: 5","throwable":""}
{"timestamp":"2025-09-23T11:43:31,869","container":"259647b50f1a","level":"INFO","thread":"EthScheduler-Workers-0","class":"PersistBlockTask","message":"Imported #110 / 0 tx / 0 om / 0 (0.0%) gas / (0xb5c09d44f77688f5c4eb943f0836b51c98606437f934289e079cd47689869995) in 0.001s. Peers: 5","throwable":""}
{"timestamp":"2025-09-23T11:43:40,009","container":"259647b50f1a","level":"INFO","thread":"EthScheduler-Workers-0","class":"PersistBlockTask","message":"Imported #111 / 0 tx / 0 om / 0 (0.0%) gas / (0x2d287110e374b8457dc45accf1552fc5fa21a23cf84111581e7f1a151ac983ba) in 0.001s. Peers: 5","throwable":""}
{"timestamp":"2025-09-23T11:43:48,010","container":"259647b50f1a","level":"INFO","thread":"EthScheduler-Workers-0","class":"PersistBlockTask","message":"Imported #112 / 0 tx / 0 om / 0 (0.0%) gas / (0x3788b5367e76f5bdd31188cb122f30d8c610e0922823756ab403f7b92fdbb4f9) in 0.001s. Peers: 5","throwable":""}
{"timestamp":"2025-09-23T11:43:56,010","container":"259647b50f1a","level":"INFO","thread":"EthScheduler-Workers-0","class":"PersistBlockTask","message":"Imported #113 / 0 tx / 0 om / 0 (0.0%) gas / (0x984723b8a29c544723064abcb2a6187826239ffd7f6b8dc13e4e1af121647f18) in 0.001s. Peers: 5","throwable":""}
{"timestamp":"2025-09-23T11:44:04,782","container":"259647b50f1a","level":"INFO","thread":"EthScheduler-Workers-0","class":"PersistBlockTask","message":"Imported #114 / 0 tx / 0 om / 0 (0.0%) gas / (0x94f3c428ff93a55e173c85c5135e1e4f73e51581f73935a69850d2ccd48b8bbb) in 0.001s. Peers: 5","throwable":""}
{"timestamp":"2025-09-23T11:44:13,014","container":"259647b50f1a","level":"INFO","thread":"EthScheduler-Workers-0","class":"PersistBlockTask","message":"Imported #115 / 0 tx / 0 om / 0 (0.0%) gas / (0xfeb6fd562b55c7a4c0a0f8ac71fbe9caa5918e79b3afa27f3f7f555317dddee7) in 0.001s. Peers: 5","throwable":""}
{"timestamp":"2025-09-23T11:44:21,011","container":"259647b50f1a","level":"INFO","thread":"EthScheduler-Workers-0","class":"PersistBlockTask","message":"Imported #116 / 0 tx / 0 om / 0 (0.0%) gas / (0x4212576cf08c3ab7f867a59ba6853a7c91558cfb27efaf069c60ce28ea97d76f) in 0.002s. Peers: 5","throwable":""}
{"timestamp":"2025-09-23T11:44:29,012","container":"259647b50f1a","level":"INFO","thread":"EthScheduler-Workers-0","class":"PersistBlockTask","message":"Imported #117 / 0 tx / 0 om / 0 (0.0%) gas / (0x1abaa31fe2ff9265a20c50e4cb07e3394673048d61c888ba0c505fd4330a3fac) in 0.002s. Peers: 5","throwable":""}
{"timestamp":"2025-09-23T11:44:37,884","container":"259647b50f1a","level":"INFO","thread":"EthScheduler-Workers-0","class":"PersistBlockTask","message":"Imported #118 / 0 tx / 0 om / 0 (0.0%) gas / (0xc6ffdab44cf96da6e978a133eaff38c9ffd816d1c61f20f7e47aa27c23faf8cb) in 0.002s. Peers: 5","throwable":""}
{"timestamp":"2025-09-23T11:44:46,011","container":"259647b50f1a","level":"INFO","thread":"EthScheduler-Workers-0","class":"PersistBlockTask","message":"Imported #119 / 0 tx / 0 om / 0 (0.0%) gas / (0x145730c07def9dd2ee12de4c5a5018f9b7824106224b8722c17233a1fffc62fb) in 0.002s. Peers: 5","throwable":""}
{"timestamp":"2025-09-23T11:44:54,010","container":"259647b50f1a","level":"INFO","thread":"EthScheduler-Workers-0","class":"PersistBlockTask","message":"Imported #120 / 0 tx / 0 om / 0 (0.0%) gas / (0x802f9b79ac9f34895615f305b11baa65ff1f4e6a4247ca0542fbfcccc4a300d0) in 0.001s. Peers: 5","throwable":""}
{"timestamp":"2025-09-23T11:45:02,012","container":"259647b50f1a","level":"INFO","thread":"EthScheduler-Workers-0","class":"PersistBlockTask","message":"Imported #121 / 0 tx / 0 om / 0 (0.0%) gas / (0x18d370dbb4440e5397b2034ca1d9dad20bd146a1d013a5a9b7d30f1ecf94d9f1) in 0.002s. Peers: 5","throwable":""}
{"timestamp":"2025-09-23T11:45:10,761","container":"259647b50f1a","level":"INFO","thread":"EthScheduler-Workers-0","class":"PersistBlockTask","message":"Imported #122 / 0 tx / 0 om / 0 (0.0%) gas / (0x54b6ae364b23b63f994257af6fe847fdf3d0648a3761072846c104014377bb39) in 0.002s. Peers: 5","throwable":""}
{"timestamp":"2025-09-23T11:45:19,010","container":"259647b50f1a","level":"INFO","thread":"EthScheduler-Workers-0","class":"PersistBlockTask","message":"Imported #123 / 0 tx / 0 om / 0 (0.0%) gas / (0xc6e922825a03dd7a6846f416c278126faa96ac16746d08402398cf38e39bc9cb) in 0.001s. Peers: 5","throwable":""}
{"timestamp":"2025-09-23T11:45:27,009","container":"259647b50f1a","level":"INFO","thread":"EthScheduler-Workers-0","class":"PersistBlockTask","message":"Imported #124 / 0 tx / 0 om / 0 (0.0%) gas / (0x2342e4534ad28784f730b50f7803cd9eab0cc6cdb93b7c3aa98bead1b9fdfc73) in 0.001s. Peers: 5","throwable":""}
{"timestamp":"2025-09-23T11:45:35,010","container":"259647b50f1a","level":"INFO","thread":"EthScheduler-Workers-0","class":"PersistBlockTask","message":"Imported #125 / 0 tx / 0 om / 0 (0.0%) gas / (0x616847c23e013eb367407a48a1e9296f1d776edc97f5042744111315222f1c1c) in 0.001s. Peers: 5","throwable":""}
{"timestamp":"2025-09-23T11:45:43,947","container":"259647b50f1a","level":"INFO","thread":"EthScheduler-Workers-0","class":"PersistBlockTask","message":"Imported #126 / 0 tx / 0 om / 0 (0.0%) gas / (0xacd435d05cd8d27b022ce23f07df8d0f1edcfc87936c4a99452384bce80fc6e0) in 0.001s. Peers: 5","throwable":""}
{"timestamp":"2025-09-23T11:45:52,013","container":"259647b50f1a","level":"INFO","thread":"EthScheduler-Workers-0","class":"PersistBlockTask","message":"Imported #127 / 0 tx / 0 om / 0 (0.0%) gas / (0x520c13c317324dd9bc9ddf30dbef3404d9616f8066bcf485848bd66667e0be6e) in 0.003s. Peers: 5","throwable":""}
{"timestamp":"2025-09-23T11:46:00,016","container":"259647b50f1a","level":"INFO","thread":"EthScheduler-Workers-0","class":"PersistBlockTask","message":"Imported #128 / 0 tx / 0 om / 0 (0.0%) gas / (0x17c3f7dd31a5ca364aaa823f8932a75b3b67c425eecba5702fe738d9e2171f62) in 0.002s. Peers: 5","throwable":""}
{"timestamp":"2025-09-23T11:46:08,010","container":"259647b50f1a","level":"INFO","thread":"EthScheduler-Workers-0","class":"PersistBlockTask","message":"Imported #129 / 0 tx / 0 om / 0 (0.0%) gas / (0xd01ba9469f062ea2544b2db8945ebc52444497161ec181b7a397ef4fc8f5ab70) in 0.001s. Peers: 5","throwable":""}
{"timestamp":"2025-09-23T11:46:16,922","container":"259647b50f1a","level":"INFO","thread":"EthScheduler-Workers-0","class":"PersistBlockTask","message":"Imported #130 / 0 tx / 0 om / 0 (0.0%) gas / (0x61bf11d9cc58c37e3fdc1fe21cf1e550973052d9f039fbc6ad1bd1c13c760422) in 0.001s. Peers: 5","throwable":""}
{"timestamp":"2025-09-23T11:46:25,008","container":"259647b50f1a","level":"INFO","thread":"EthScheduler-Workers-0","class":"PersistBlockTask","message":"Imported #131 / 0 tx / 0 om / 0 (0.0%) gas / (0x4f8e51f715cc17768e0da0132267e98039f77f56fe83399ae0af0f0bcf976485) in 0.001s. Peers: 5","throwable":""}
{"timestamp":"2025-09-23T11:46:33,011","container":"259647b50f1a","level":"INFO","thread":"EthScheduler-Workers-0","class":"PersistBlockTask","message":"Imported #132 / 0 tx / 0 om / 0 (0.0%) gas / (0x5f181c07bf91402eb5a1c05d26c4b85c7e009addc9a23ebac2ad4639f2d05d2c) in 0.001s. Peers: 5","throwable":""}
{"timestamp":"2025-09-23T11:46:41,010","container":"259647b50f1a","level":"INFO","thread":"EthScheduler-Workers-0","class":"PersistBlockTask","message":"Imported #133 / 0 tx / 0 om / 0 (0.0%) gas / (0x58cb4f430e92119cc3d5a7098789ba638c29c3302e80bd388cfbc027de489441) in 0.001s. Peers: 5","throwable":""}
{"timestamp":"2025-09-23T11:46:49,930","container":"259647b50f1a","level":"INFO","thread":"EthScheduler-Workers-0","class":"PersistBlockTask","message":"Imported #134 / 0 tx / 0 om / 0 (0.0%) gas / (0xf682ba049056caaaad64f3a0d876173b5de95dbe1f2d1d0ef2be950ea2967a3e) in 0.001s. Peers: 5","throwable":""}
{"timestamp":"2025-09-23T11:46:58,009","container":"259647b50f1a","level":"INFO","thread":"EthScheduler-Workers-0","class":"PersistBlockTask","message":"Imported #135 / 0 tx / 0 om / 0 (0.0%) gas / (0xfa089abf742b0cb5848ed5f28606f5b7066e96dd7e6b68b0fa1f0958fc0b22a3) in 0.001s. Peers: 5","throwable":""}
{"timestamp":"2025-09-23T11:47:06,010","container":"259647b50f1a","level":"INFO","thread":"EthScheduler-Workers-0","class":"PersistBlockTask","message":"Imported #136 / 0 tx / 0 om / 0 (0.0%) gas / (0x0a310992167dbd1b97cffeba2c4385b2d49c245c04cf9486a73b6a1b23bc7de0) in 0.001s. Peers: 5","throwable":""}
{"timestamp":"2025-09-23T11:47:14,010","container":"259647b50f1a","level":"INFO","thread":"EthScheduler-Workers-0","class":"PersistBlockTask","message":"Imported #137 / 0 tx / 0 om / 0 (0.0%) gas / (0x03a08219ab49c900b7718ccdd38dc9631d1f181a72cf50fcf38a78ae95b29b39) in 0.001s. Peers: 5","throwable":""}
{"timestamp":"2025-09-23T11:47:22,920","container":"259647b50f1a","level":"INFO","thread":"EthScheduler-Workers-0","class":"PersistBlockTask","message":"Imported #138 / 0 tx / 0 om / 0 (0.0%) gas / (0x5e1b2abf4dab87a1e1116f7842ce11095890cba9898b73a7350aa0651c208fd7) in 0.002s. Peers: 5","throwable":""}
{"timestamp":"2025-09-23T11:47:31,012","container":"259647b50f1a","level":"INFO","thread":"EthScheduler-Workers-0","class":"PersistBlockTask","message":"Imported #139 / 0 tx / 0 om / 0 (0.0%) gas / (0xf49bfda0ed6d27a860c3fbf88bc9f49a6d93b428f4b583fe0422ba296026a7dc) in 0.002s. Peers: 5","throwable":""}
{"timestamp":"2025-09-23T11:47:39,009","container":"259647b50f1a","level":"INFO","thread":"EthScheduler-Workers-0","class":"PersistBlockTask","message":"Imported #140 / 0 tx / 0 om / 0 (0.0%) gas / (0xd1be31d1bce64d634ea85d2dff3ff043b82a767dedcce919363dc50e3521e317) in 0.001s. Peers: 5","throwable":""}
{"timestamp":"2025-09-23T11:47:47,009","container":"259647b50f1a","level":"INFO","thread":"EthScheduler-Workers-0","class":"PersistBlockTask","message":"Imported #141 / 0 tx / 0 om / 0 (0.0%) gas / (0x92b9124b4bfe79948b628fd3f03feadc4e9e1f4d69732cd28e5d440b94b38b6d) in 0.001s. Peers: 5","throwable":""}
{"timestamp":"2025-09-23T11:47:55,869","container":"259647b50f1a","level":"INFO","thread":"EthScheduler-Workers-0","class":"PersistBlockTask","message":"Imported #142 / 0 tx / 0 om / 0 (0.0%) gas / (0x63a8f4fd1ae66b99193e2b7978080a858846e6868bc9ea628cd17f5de21045c2) in 0.002s. Peers: 5","throwable":""}
{"timestamp":"2025-09-23T11:48:04,012","container":"259647b50f1a","level":"INFO","thread":"EthScheduler-Workers-0","class":"PersistBlockTask","message":"Imported #143 / 0 tx / 0 om / 0 (0.0%) gas / (0x4d7a13494d26b440829de85827c3267e1bbdfd76abf3d06c6b3af7db0263e7c6) in 0.003s. Peers: 5","throwable":""}
{"timestamp":"2025-09-23T11:48:12,008","container":"259647b50f1a","level":"INFO","thread":"EthScheduler-Workers-0","class":"PersistBlockTask","message":"Imported #144 / 0 tx / 0 om / 0 (0.0%) gas / (0xe70e6dddcfe3cd3d27d05bb65b3ce7d522083041005009a9ee2d694551502d41) in 0.001s. Peers: 5","throwable":""}
{"timestamp":"2025-09-23T11:48:20,009","container":"259647b50f1a","level":"INFO","thread":"EthScheduler-Workers-0","class":"PersistBlockTask","message":"Imported #145 / 0 tx / 0 om / 0 (0.0%) gas / (0x0a3a083e48afe36782892d0434c2b5c750bec7acf5b348f97e07dd0a11b74c4c) in 0.002s. Peers: 5","throwable":""}
{"timestamp":"2025-09-23T11:48:28,864","container":"259647b50f1a","level":"INFO","thread":"EthScheduler-Workers-0","class":"PersistBlockTask","message":"Imported #146 / 0 tx / 0 om / 0 (0.0%) gas / (0x53c08176bc772f5c40ff643bac25cd72687321d83bfd53d2d975c50ec9c332cd) in 0.001s. Peers: 5","throwable":""}
{"timestamp":"2025-09-23T11:48:37,009","container":"259647b50f1a","level":"INFO","thread":"EthScheduler-Workers-0","class":"PersistBlockTask","message":"Imported #147 / 0 tx / 0 om / 0 (0.0%) gas / (0x308f71abaa12b948e84f7caa39120fe5da7f46cb6f9d12c52e7cfab4e2fbe49f) in 0.001s. Peers: 5","throwable":""}
{"timestamp":"2025-09-23T11:48:45,014","container":"259647b50f1a","level":"INFO","thread":"EthScheduler-Workers-0","class":"PersistBlockTask","message":"Imported #148 / 0 tx / 0 om / 0 (0.0%) gas / (0xa618849ee86e2770c49b9118998d03b3d7177be1d87640c9736b3501f8281ef8) in 0.002s. Peers: 5","throwable":""}
{"timestamp":"2025-09-23T11:48:53,009","container":"259647b50f1a","level":"INFO","thread":"EthScheduler-Workers-0","class":"PersistBlockTask","message":"Imported #149 / 0 tx / 0 om / 0 (0.0%) gas / (0xcf26f797757958773a2254ce28d62f7028dff2ace8ce9eb26d5ad6acd884cde5) in 0.001s. Peers: 5","throwable":""}
{"timestamp":"2025-09-23T11:49:01,894","container":"259647b50f1a","level":"INFO","thread":"EthScheduler-Workers-0","class":"PersistBlockTask","message":"Imported #150 / 0 tx / 0 om / 0 (0.0%) gas / (0x8a62233bafc78748681e1b12ae862faab463ce62f8dd4100d639b2b6eeddcde5) in 0.001s. Peers: 5","throwable":""}
{"timestamp":"2025-09-23T11:49:10,009","container":"259647b50f1a","level":"INFO","thread":"EthScheduler-Workers-0","class":"PersistBlockTask","message":"Imported #151 / 0 tx / 0 om / 0 (0.0%) gas / (0x93b5f3518f77c5feafe63ac05b816bcc320f74bf4f172878d760ada37b33604c) in 0.001s. Peers: 5","throwable":""}
{"timestamp":"2025-09-23T11:49:18,008","container":"259647b50f1a","level":"INFO","thread":"EthScheduler-Workers-0","class":"PersistBlockTask","message":"Imported #152 / 0 tx / 0 om / 0 (0.0%) gas / (0x08dd022c1e0df927d85fd54edc7722777dcd450a1746f3bf0cfd3064c08e4a37) in 0.001s. Peers: 5","throwable":""}
{"timestamp":"2025-09-23T11:49:26,011","container":"259647b50f1a","level":"INFO","thread":"EthScheduler-Workers-0","class":"PersistBlockTask","message":"Imported #153 / 0 tx / 0 om / 0 (0.0%) gas / (0x4da99e64a72877302bfba916d700700e4b92d9cf1ca593d203e43434a9782140) in 0.001s. Peers: 5","throwable":""}
{"timestamp":"2025-09-23T11:49:34,922","container":"259647b50f1a","level":"INFO","thread":"EthScheduler-Workers-0","class":"PersistBlockTask","message":"Imported #154 / 0 tx / 0 om / 0 (0.0%) gas / (0x9007f846624b076a3845ce78921de1896e14afa18ae75f549604b9411148ab9e) in 0.001s. Peers: 5","throwable":""}
{"timestamp":"2025-09-23T11:49:43,010","container":"259647b50f1a","level":"INFO","thread":"EthScheduler-Workers-0","class":"PersistBlockTask","message":"Imported #155 / 0 tx / 0 om / 0 (0.0%) gas / (0x7de80eaf1650c420698ffa5a4305622b0acf824c43fa37e2136e6e2d210cce40) in 0.001s. Peers: 5","throwable":""}
{"timestamp":"2025-09-23T11:49:51,009","container":"259647b50f1a","level":"INFO","thread":"EthScheduler-Workers-0","class":"PersistBlockTask","message":"Imported #156 / 0 tx / 0 om / 0 (0.0%) gas / (0xeae1b6a41a1f28e4e5d611c8dd1c8aefc067caf74c94d258b30f2e32ca4ad0d0) in 0.001s. Peers: 5","throwable":""}
{"timestamp":"2025-09-23T11:49:59,009","container":"259647b50f1a","level":"INFO","thread":"EthScheduler-Workers-0","class":"PersistBlockTask","message":"Imported #157 / 0 tx / 0 om / 0 (0.0%) gas / (0x37e453f19c737142ccf8d3d16c74638f7c7b4db90203975bc6d29bdf9bef0126) in 0.001s. Peers: 5","throwable":""}
{"timestamp":"2025-09-23T11:50:07,858","container":"259647b50f1a","level":"INFO","thread":"EthScheduler-Workers-0","class":"PersistBlockTask","message":"Imported #158 / 0 tx / 0 om / 0 (0.0%) gas / (0xdee52ac3fec49cd07a2270332d81f8581c03237e354dbf9deecd7e854337c29e) in 0.002s. Peers: 5","throwable":""}
{"timestamp":"2025-09-23T11:50:16,009","container":"259647b50f1a","level":"INFO","thread":"EthScheduler-Workers-0","class":"PersistBlockTask","message":"Imported #159 / 0 tx / 0 om / 0 (0.0%) gas / (0xfbae0f10eb058e616fcce83a54865d3791ee9d1597c9360172184cf58dbb48b3) in 0.001s. Peers: 5","throwable":""}
{"timestamp":"2025-09-23T11:50:24,009","container":"259647b50f1a","level":"INFO","thread":"EthScheduler-Workers-0","class":"PersistBlockTask","message":"Imported #160 / 0 tx / 0 om / 0 (0.0%) gas / (0x8aa66d2e457238578d685d723ab5cedce22bc66dda3c59e30777a19409bd640a) in 0.001s. Peers: 5","throwable":""}
{"timestamp":"2025-09-23T11:50:32,010","container":"259647b50f1a","level":"INFO","thread":"EthScheduler-Workers-0","class":"PersistBlockTask","message":"Imported #161 / 0 tx / 0 om / 0 (0.0%) gas / (0x530e51bed884a2d57fd590b02e88a7c16a85798dcf510e51bafd276f3b32fc71) in 0.001s. Peers: 5","throwable":""}
{"timestamp":"2025-09-23T11:50:40,761","container":"259647b50f1a","level":"INFO","thread":"EthScheduler-Workers-0","class":"PersistBlockTask","message":"Imported #162 / 0 tx / 0 om / 0 (0.0%) gas / (0xce1c15372eb901de3099fe75684533996cbf0ac26106c0bd32d5c76c7dd39e1c) in 0.001s. Peers: 5","throwable":""}
{"timestamp":"2025-09-23T11:50:49,008","container":"259647b50f1a","level":"INFO","thread":"EthScheduler-Workers-0","class":"PersistBlockTask","message":"Imported #163 / 0 tx / 0 om / 0 (0.0%) gas / (0xa594528c2b08ccb696e6717b24cfe8f7c6f1d6ee0bfc8ffb033d2490cc85590b) in 0.001s. Peers: 5","throwable":""}
{"timestamp":"2025-09-23T11:50:57,013","container":"259647b50f1a","level":"INFO","thread":"EthScheduler-Workers-0","class":"PersistBlockTask","message":"Imported #164 / 0 tx / 0 om / 0 (0.0%) gas / (0x7bc961ad08d2fdc73f3cf7ce40f7346ac054543cf16e7f04b1209af7ebbea165) in 0.002s. Peers: 5","throwable":""}
{"timestamp":"2025-09-23T11:51:05,011","container":"259647b50f1a","level":"INFO","thread":"EthScheduler-Workers-0","class":"PersistBlockTask","message":"Imported #165 / 0 tx / 0 om / 0 (0.0%) gas / (0x0e79dc245cba497b53eb1c9ffabf9b8bbe0ac75c62d8873c058a00e2e5af3aae) in 0.001s. Peers: 5","throwable":""}
{"timestamp":"2025-09-23T11:51:13,815","container":"259647b50f1a","level":"INFO","thread":"EthScheduler-Workers-0","class":"PersistBlockTask","message":"Imported #166 / 0 tx / 0 om / 0 (0.0%) gas / (0x77d9997be7ae72e8c2cb87579d240f267e30353a360d6884b5daffb098d47c88) in 0.001s. Peers: 5","throwable":""}
{"timestamp":"2025-09-23T11:51:22,013","container":"259647b50f1a","level":"INFO","thread":"EthScheduler-Workers-0","class":"PersistBlockTask","message":"Imported #167 / 0 tx / 0 om / 0 (0.0%) gas / (0x4f310fcc89b090985c62b76b5b869b4548a5e41d026e4d0464f71e361c9c2cac) in 0.002s. Peers: 5","throwable":""}
{"timestamp":"2025-09-23T11:51:30,012","container":"259647b50f1a","level":"INFO","thread":"EthScheduler-Workers-0","class":"PersistBlockTask","message":"Imported #168 / 0 tx / 0 om / 0 (0.0%) gas / (0x9a04dcc659edd40bba7f00a50dcc4ed61b5f226e1064e1784629eafd1da951c3) in 0.002s. Peers: 5","throwable":""}
{"timestamp":"2025-09-23T11:51:38,009","container":"259647b50f1a","level":"INFO","thread":"EthScheduler-Workers-0","class":"PersistBlockTask","message":"Imported #169 / 0 tx / 0 om / 0 (0.0%) gas / (0xc4792a125c3d41c82ae4b12e498f95669f76647aa9cb61e5770fe44544be7f8f) in 0.001s. Peers: 5","throwable":""}
{"timestamp":"2025-09-23T11:51:46,849","container":"259647b50f1a","level":"INFO","thread":"EthScheduler-Workers-0","class":"PersistBlockTask","message":"Imported #170 / 0 tx / 0 om / 0 (0.0%) gas / (0xc5a604f324fc8d6988f55d2b4a15faf3f1c4795cfdd451725a658b5bc0f7d953) in 0.001s. Peers: 5","throwable":""}
{"timestamp":"2025-09-23T11:51:55,009","container":"259647b50f1a","level":"INFO","thread":"EthScheduler-Workers-0","class":"PersistBlockTask","message":"Imported #171 / 0 tx / 0 om / 0 (0.0%) gas / (0x0c694f8393c58b70898d8711b75c339caeafa9d522639fb7057f89381c3d7fd2) in 0.001s. Peers: 5","throwable":""}
{"timestamp":"2025-09-23T11:52:03,012","container":"259647b50f1a","level":"INFO","thread":"EthScheduler-Workers-0","class":"PersistBlockTask","message":"Imported #172 / 0 tx / 0 om / 0 (0.0%) gas / (0xea7ab5d35465db6392a53a332e9806a5426d25ba2a5047654f1e8db036fd9ebf) in 0.002s. Peers: 5","throwable":""}
{"timestamp":"2025-09-23T11:52:11,009","container":"259647b50f1a","level":"INFO","thread":"EthScheduler-Workers-0","class":"PersistBlockTask","message":"Imported #173 / 0 tx / 0 om / 0 (0.0%) gas / (0x241afeb1feb9d2aeabf62db2d6a84fd1b09b1481d3bf43dfb7c94eba67aeca64) in 0.001s. Peers: 5","throwable":""}
{"timestamp":"2025-09-23T11:52:19,812","container":"259647b50f1a","level":"INFO","thread":"EthScheduler-Workers-0","class":"PersistBlockTask","message":"Imported #174 / 0 tx / 0 om / 0 (0.0%) gas / (0x361c400d25e555347fd95cd06a8c0b1a087f181cf3d40d76595603530bfcbe72) in 0.001s. Peers: 5","throwable":""}
{"timestamp":"2025-09-23T11:52:28,009","container":"259647b50f1a","level":"INFO","thread":"EthScheduler-Workers-0","class":"PersistBlockTask","message":"Imported #175 / 0 tx / 0 om / 0 (0.0%) gas / (0x54b7262bf494e95a8a15a0701dd6ce937ab7f7d57acbb67452fa59acbc04a56b) in 0.001s. Peers: 5","throwable":""}
{"timestamp":"2025-09-23T11:52:36,011","container":"259647b50f1a","level":"INFO","thread":"EthScheduler-Workers-0","class":"PersistBlockTask","message":"Imported #176 / 0 tx / 0 om / 0 (0.0%) gas / (0x4e1ab3c7d447717a3c9d61c779ce8c3e7f7a1f2cc1dc040c5e850b1710b31379) in 0.001s. Peers: 5","throwable":""}
{"timestamp":"2025-09-23T11:52:44,021","container":"259647b50f1a","level":"INFO","thread":"EthScheduler-Workers-0","class":"PersistBlockTask","message":"Imported #177 / 0 tx / 0 om / 0 (0.0%) gas / (0xefaf7dc84d2f8bf446b90b0c53baceb01fc74bcd7f91918c19a38b65508ceb55) in 0.005s. Peers: 5","throwable":""}
{"timestamp":"2025-09-23T11:52:52,825","container":"259647b50f1a","level":"INFO","thread":"EthScheduler-Workers-0","class":"PersistBlockTask","message":"Imported #178 / 0 tx / 0 om / 0 (0.0%) gas / (0x7a3b2507acf00e2173d19f13fe00630c9aa65df9f2b9b3421262f2faaf42a2f2) in 0.001s. Peers: 5","throwable":""}
{"timestamp":"2025-09-23T11:53:01,009","container":"259647b50f1a","level":"INFO","thread":"EthScheduler-Workers-0","class":"PersistBlockTask","message":"Imported #179 / 0 tx / 0 om / 0 (0.0%) gas / (0xdb4212b1da607ebfde24641722a13aa81073c2072ae66369fbb2d1d17ba5563e) in 0.001s. Peers: 5","throwable":""}
{"timestamp":"2025-09-23T11:53:09,010","container":"259647b50f1a","level":"INFO","thread":"EthScheduler-Workers-0","class":"PersistBlockTask","message":"Imported #180 / 0 tx / 0 om / 0 (0.0%) gas / (0xe4c8b7971aaaca02be0d0e83942b5a69bcc609a3cdfd98ec60c42af7cebb6200) in 0.002s. Peers: 5","throwable":""}
{"timestamp":"2025-09-23T11:53:17,010","container":"259647b50f1a","level":"INFO","thread":"EthScheduler-Workers-0","class":"PersistBlockTask","message":"Imported #181 / 0 tx / 0 om / 0 (0.0%) gas / (0x8b6efef8e93fe78d872121a77c939d53563a9a7ab132f07860a94ff04dfbc3e8) in 0.001s. Peers: 5","throwable":""}
{"timestamp":"2025-09-23T11:53:25,836","container":"259647b50f1a","level":"INFO","thread":"EthScheduler-Workers-0","class":"PersistBlockTask","message":"Imported #182 / 0 tx / 0 om / 0 (0.0%) gas / (0x01248662d39f37ba62e3de19d63dea3c7a3463e8d222d4c2466e2d6535f177ba) in 0.001s. Peers: 5","throwable":""}
{"timestamp":"2025-09-23T11:53:34,008","container":"259647b50f1a","level":"INFO","thread":"EthScheduler-Workers-0","class":"PersistBlockTask","message":"Imported #183 / 0 tx / 0 om / 0 (0.0%) gas / (0xa8c7c2c1b7633458470dd1264bc1621ee8ab425968b2f201137400f8704b8cd2) in 0.001s. Peers: 5","throwable":""}
{"timestamp":"2025-09-23T11:53:42,012","container":"259647b50f1a","level":"INFO","thread":"EthScheduler-Workers-0","class":"PersistBlockTask","message":"Imported #184 / 0 tx / 0 om / 0 (0.0%) gas / (0x1c97d6d638e311e35024e8295de257d7c515d37ea4f1a5dcc05c49488881b331) in 0.001s. Peers: 5","throwable":""}
{"timestamp":"2025-09-23T11:53:50,008","container":"259647b50f1a","level":"INFO","thread":"EthScheduler-Workers-0","class":"PersistBlockTask","message":"Imported #185 / 0 tx / 0 om / 0 (0.0%) gas / (0x069791f4e33379c2f4de7a4cdbbf9c1e9ad965a5a5216ca4e786199772f77fe3) in 0.001s. Peers: 5","throwable":""}
{"timestamp":"2025-09-23T11:53:58,836","container":"259647b50f1a","level":"INFO","thread":"EthScheduler-Workers-0","class":"PersistBlockTask","message":"Imported #186 / 0 tx / 0 om / 0 (0.0%) gas / (0x8260e77f8b5728e6fc5c3ae8491a29ff0b0b7ac6811859f5da643ccdb56e8e4b) in 0.001s. Peers: 5","throwable":""}
{"timestamp":"2025-09-23T11:54:07,008","container":"259647b50f1a","level":"INFO","thread":"EthScheduler-Workers-0","class":"PersistBlockTask","message":"Imported #187 / 0 tx / 0 om / 0 (0.0%) gas / (0xa2b6cda025c5ebff13ea4ec04979ef881c58d577823a3149eaa32d740824d685) in 0.001s. Peers: 5","throwable":""}
{"timestamp":"2025-09-23T11:54:15,009","container":"259647b50f1a","level":"INFO","thread":"EthScheduler-Workers-0","class":"PersistBlockTask","message":"Imported #188 / 0 tx / 0 om / 0 (0.0%) gas / (0x5d11157adf87eb6b1a07cb5d03feb0528c1886150f7b944b21f87c8cafcc72b9) in 0.001s. Peers: 5","throwable":""}
{"timestamp":"2025-09-23T11:54:23,008","container":"259647b50f1a","level":"INFO","thread":"EthScheduler-Workers-0","class":"PersistBlockTask","message":"Imported #189 / 0 tx / 0 om / 0 (0.0%) gas / (0xeed4edcf363aafbaa74c2e0027a2c4dd60f7533ad607736f450ea5be801b4f40) in 0.001s. Peers: 5","throwable":""}
{"timestamp":"2025-09-23T11:54:31,783","container":"259647b50f1a","level":"INFO","thread":"EthScheduler-Workers-0","class":"PersistBlockTask","message":"Imported #190 / 0 tx / 0 om / 0 (0.0%) gas / (0x2ee51e82a1d4dbdd2185d960ef7417a5fdac5a552eaff3b95fb2a7db5f3e2b9e) in 0.001s. Peers: 5","throwable":""}
{"timestamp":"2025-09-23T11:54:40,010","container":"259647b50f1a","level":"INFO","thread":"EthScheduler-Workers-0","class":"PersistBlockTask","message":"Imported #191 / 0 tx / 0 om / 0 (0.0%) gas / (0x1ff9d92c2d083049e0694032f92b04c713768c367305ec09645180ef12cc1fe7) in 0.002s. Peers: 5","throwable":""}
{"timestamp":"2025-09-23T11:54:48,012","container":"259647b50f1a","level":"INFO","thread":"EthScheduler-Workers-0","class":"PersistBlockTask","message":"Imported #192 / 0 tx / 0 om / 0 (0.0%) gas / (0x4b6e36564ed007fc17eef123e564a01913ce933cc033988fdc15836036e8e8a2) in 0.002s. Peers: 5","throwable":""}
{"timestamp":"2025-09-23T11:54:56,009","container":"259647b50f1a","level":"INFO","thread":"EthScheduler-Workers-0","class":"PersistBlockTask","message":"Imported #193 / 0 tx / 0 om / 0 (0.0%) gas / (0x0a4a4612088d157ebb6a93a27c404a80492840e65ed1a8204e4ad3b5954e4d07) in 0.001s. Peers: 5","throwable":""}
{"timestamp":"2025-09-23T11:55:04,855","container":"259647b50f1a","level":"INFO","thread":"EthScheduler-Workers-0","class":"PersistBlockTask","message":"Imported #194 / 0 tx / 0 om / 0 (0.0%) gas / (0x8316b7c0f65068a488e48ffb2dfcd7caaa366e09248187829f5d64f6bf67d25e) in 0.001s. Peers: 5","throwable":""}
{"timestamp":"2025-09-23T11:55:13,008","container":"259647b50f1a","level":"INFO","thread":"EthScheduler-Workers-0","class":"PersistBlockTask","message":"Imported #195 / 0 tx / 0 om / 0 (0.0%) gas / (0x8f49d045a72d9ab0a95405e562127aad26b031e623b444dfd5681ec224755b3a) in 0.001s. Peers: 5","throwable":""}
{"timestamp":"2025-09-23T11:55:21,011","container":"259647b50f1a","level":"INFO","thread":"EthScheduler-Workers-0","class":"PersistBlockTask","message":"Imported #196 / 0 tx / 0 om / 0 (0.0%) gas / (0xd8fa88e34b7dc9cc33410d60092fa6a66d5434c4bb0ac2358566c0b3e95c1301) in 0.001s. Peers: 5","throwable":""}
{"timestamp":"2025-09-23T11:55:29,008","container":"259647b50f1a","level":"INFO","thread":"EthScheduler-Workers-0","class":"PersistBlockTask","message":"Imported #197 / 0 tx / 0 om / 0 (0.0%) gas / (0x3fa4e39539edf95241d87788feecb8f8c5e96c66ed7a947b470b2eb033cb3718) in 0.001s. Peers: 5","throwable":""}
{"timestamp":"2025-09-23T11:55:37,815","container":"259647b50f1a","level":"INFO","thread":"EthScheduler-Workers-0","class":"PersistBlockTask","message":"Imported #198 / 0 tx / 0 om / 0 (0.0%) gas / (0x73fc1c3a2ef03198ee8044991d7391ab53389d5ee65ce276b02efa2f464ad11f) in 0.002s. Peers: 5","throwable":""}
{"timestamp":"2025-09-23T11:55:46,008","container":"259647b50f1a","level":"INFO","thread":"EthScheduler-Workers-0","class":"PersistBlockTask","message":"Imported #199 / 0 tx / 0 om / 0 (0.0%) gas / (0xd8d36a2b3412d9f80d47c36d1625fdd9fd826efacdc9de09e9933e40d36decd7) in 0.001s. Peers: 5","throwable":""}
{"timestamp":"2025-09-23T11:55:54,009","container":"259647b50f1a","level":"INFO","thread":"EthScheduler-Workers-0","class":"PersistBlockTask","message":"Imported #200 / 0 tx / 0 om / 0 (0.0%) gas / (0x7d5b333dd112553dd57d4677d04c42266fc1c70550b80e90f225df428af0b733) in 0.001s. Peers: 5","throwable":""}
{"timestamp":"2025-09-23T11:56:02,008","container":"259647b50f1a","level":"INFO","thread":"EthScheduler-Workers-0","class":"PersistBlockTask","message":"Imported #201 / 0 tx / 0 om / 0 (0.0%) gas / (0x3538f78433e67e07e3134a5696e31c03a27854e146ca94168f14d290011994c3) in 0.001s. Peers: 5","throwable":""}
{"timestamp":"2025-09-23T11:56:10,933","container":"259647b50f1a","level":"INFO","thread":"EthScheduler-Workers-0","class":"PersistBlockTask","message":"Imported #202 / 0 tx / 0 om / 0 (0.0%) gas / (0x3cf0144cabcc698a8d29e17549e1d2ebfef9535f8540227d7f3067f6522fcd2a) in 0.001s. Peers: 5","throwable":""}
{"timestamp":"2025-09-23T11:56:19,008","container":"259647b50f1a","level":"INFO","thread":"EthScheduler-Workers-0","class":"PersistBlockTask","message":"Imported #203 / 0 tx / 0 om / 0 (0.0%) gas / (0xf2aef8fff64ce7714b0eaee8cd3c48a33e178f2235f2fea8145a85c15943a72e) in 0.001s. Peers: 5","throwable":""}
{"timestamp":"2025-09-23T11:56:27,009","container":"259647b50f1a","level":"INFO","thread":"EthScheduler-Workers-0","class":"PersistBlockTask","message":"Imported #204 / 0 tx / 0 om / 0 (0.0%) gas / (0x5684128480db74f44588617aa28357e27d24937bc212b5aba8e349a6713419e6) in 0.001s. Peers: 5","throwable":""}
{"timestamp":"2025-09-23T11:56:35,011","container":"259647b50f1a","level":"INFO","thread":"EthScheduler-Workers-0","class":"PersistBlockTask","message":"Imported #205 / 0 tx / 0 om / 0 (0.0%) gas / (0xed43df91c1ed422e2eb908c993f172bceba85e672888e7f5271925a9ebd3b661) in 0.002s. Peers: 5","throwable":""}
{"timestamp":"2025-09-23T11:56:43,901","container":"259647b50f1a","level":"INFO","thread":"EthScheduler-Workers-0","class":"PersistBlockTask","message":"Imported #206 / 0 tx / 0 om / 0 (0.0%) gas / (0x9319cb5c3c85f0f59992e1f335d804b97c47f5dd109b0db7dff5cea976c2759c) in 0.001s. Peers: 5","throwable":""}
{"timestamp":"2025-09-23T11:56:52,009","container":"259647b50f1a","level":"INFO","thread":"EthScheduler-Workers-0","class":"PersistBlockTask","message":"Imported #207 / 0 tx / 0 om / 0 (0.0%) gas / (0xc29277c4cce90ad0bd8d4d6ce82012fe6a19692a9894b030bc102da3de72a812) in 0.001s. Peers: 5","throwable":""}
{"timestamp":"2025-09-23T11:57:00,009","container":"259647b50f1a","level":"INFO","thread":"EthScheduler-Workers-0","class":"PersistBlockTask","message":"Imported #208 / 0 tx / 0 om / 0 (0.0%) gas / (0xa1aaeec7f30591aab3b80e1d2b5c7688148466b1afef0dbb2d9d25dcde9fd60f) in 0.002s. Peers: 5","throwable":""}
{"timestamp":"2025-09-23T11:57:08,008","container":"259647b50f1a","level":"INFO","thread":"EthScheduler-Workers-0","class":"PersistBlockTask","message":"Imported #209 / 0 tx / 0 om / 0 (0.0%) gas / (0x98c43fe113e016342003ae4c3e2b3ac7d760a33bfbb25a7567d6e2755a6ded97) in 0.001s. Peers: 5","throwable":""}
{"timestamp":"2025-09-23T11:57:16,871","container":"259647b50f1a","level":"INFO","thread":"EthScheduler-Workers-0","class":"PersistBlockTask","message":"Imported #210 / 0 tx / 0 om / 0 (0.0%) gas / (0x82e4b8742c551498388e22f1ccfbcee5a7f6b3f68b6294081c24400c27a85aa9) in 0.002s. Peers: 5","throwable":""}
{"timestamp":"2025-09-23T11:57:25,009","container":"259647b50f1a","level":"INFO","thread":"EthScheduler-Workers-0","class":"PersistBlockTask","message":"Imported #211 / 0 tx / 0 om / 0 (0.0%) gas / (0x6df99120c1ee7f9414543f992580d5dac640f15cd954d725d3ac0b8f256259f8) in 0.001s. Peers: 5","throwable":""}
{"timestamp":"2025-09-23T11:57:33,008","container":"259647b50f1a","level":"INFO","thread":"EthScheduler-Workers-0","class":"PersistBlockTask","message":"Imported #212 / 0 tx / 0 om / 0 (0.0%) gas / (0x3aec30ac0cb9a901c4fb6f54eb865cbdafe92f99d2aa3a9b25fb5cd96a106977) in 0.001s. Peers: 5","throwable":""}
{"timestamp":"2025-09-23T11:57:41,009","container":"259647b50f1a","level":"INFO","thread":"EthScheduler-Workers-0","class":"PersistBlockTask","message":"Imported #213 / 0 tx / 0 om / 0 (0.0%) gas / (0x2faf71b82fced2588c369e90f4247b6436a4b1033fddc6bf2700f769c5b3e95f) in 0.002s. Peers: 5","throwable":""}
{"timestamp":"2025-09-23T11:57:49,854","container":"259647b50f1a","level":"INFO","thread":"EthScheduler-Workers-0","class":"PersistBlockTask","message":"Imported #214 / 0 tx / 0 om / 0 (0.0%) gas / (0x7ac2ea27d580490b2d2079479c142bb22dfe4dd96b8250da1265063ac995ba36) in 0.003s. Peers: 5","throwable":""}
{"timestamp":"2025-09-23T11:57:58,011","container":"259647b50f1a","level":"INFO","thread":"EthScheduler-Workers-0","class":"PersistBlockTask","message":"Imported #215 / 0 tx / 0 om / 0 (0.0%) gas / (0xc114fdb196ac6f241e4e8ce605103a3eb12a54a1823b301afa2d7feda6e4e19c) in 0.002s. Peers: 5","throwable":""}
{"timestamp":"2025-09-23T11:58:06,009","container":"259647b50f1a","level":"INFO","thread":"EthScheduler-Workers-0","class":"PersistBlockTask","message":"Imported #216 / 0 tx / 0 om / 0 (0.0%) gas / (0xc9c312ed2b570a1c0056142bed4e06d47b16f600610d561dbfdd00bf3814d3fb) in 0.001s. Peers: 5","throwable":""}
{"timestamp":"2025-09-23T11:58:14,009","container":"259647b50f1a","level":"INFO","thread":"EthScheduler-Workers-0","class":"PersistBlockTask","message":"Imported #217 / 0 tx / 0 om / 0 (0.0%) gas / (0xd001406c50f7cc482cc38dcbb750aab09b65069d15504a24c4869c10f911ee16) in 0.001s. Peers: 5","throwable":""}
{"timestamp":"2025-09-23T11:58:22,007","container":"259647b50f1a","level":"INFO","thread":"EthScheduler-Workers-0","class":"PersistBlockTask","message":"Imported #218 / 0 tx / 0 om / 0 (0.0%) gas / (0x185554759489f962017c5fdaa10cecdf26b31ab8db1a0b4220cfb2c72572526f) in 0.001s. Peers: 5","throwable":""}
{"timestamp":"2025-09-23T11:58:30,846","container":"259647b50f1a","level":"INFO","thread":"EthScheduler-Workers-0","class":"PersistBlockTask","message":"Imported #219 / 0 tx / 0 om / 0 (0.0%) gas / (0x46af20ffd9dffa19c0cab4a1eed12908e3c3363a2041a8ed8081d251c3984855) in 0.001s. Peers: 5","throwable":""}
{"timestamp":"2025-09-23T11:58:39,008","container":"259647b50f1a","level":"INFO","thread":"EthScheduler-Workers-0","class":"PersistBlockTask","message":"Imported #220 / 0 tx / 0 om / 0 (0.0%) gas / (0x2f8b69dc18f96ff0cd7b6158bedee7758ca3049d7bcc78eb6cbf08a67c17a631) in 0.001s. Peers: 5","throwable":""}
{"timestamp":"2025-09-23T11:58:47,008","container":"259647b50f1a","level":"INFO","thread":"EthScheduler-Workers-0","class":"PersistBlockTask","message":"Imported #221 / 0 tx / 0 om / 0 (0.0%) gas / (0x5215d598afb4e222555d61f20ea345b047024fa4a6c6248b68f7a357f98f3460) in 0.001s. Peers: 5","throwable":""}
{"timestamp":"2025-09-23T11:58:55,008","container":"259647b50f1a","level":"INFO","thread":"EthScheduler-Workers-0","class":"PersistBlockTask","message":"Imported #222 / 0 tx / 0 om / 0 (0.0%) gas / (0x486423660f5247e5ef89bba9d0b6606273dfb444fffa62d2c6cc9608136f0c26) in 0.001s. Peers: 5","throwable":""}
{"timestamp":"2025-09-23T11:59:03,814","container":"259647b50f1a","level":"INFO","thread":"EthScheduler-Workers-0","class":"PersistBlockTask","message":"Imported #223 / 0 tx / 0 om / 0 (0.0%) gas / (0xcf361fece9e51a3f5a986c58fce0cb2a6475d94a5c7b844232ed173e933217f0) in 0.001s. Peers: 5","throwable":""}
{"timestamp":"2025-09-23T11:59:12,008","container":"259647b50f1a","level":"INFO","thread":"EthScheduler-Workers-0","class":"PersistBlockTask","message":"Imported #224 / 0 tx / 0 om / 0 (0.0%) gas / (0xf9ea9c1aaf80c4542319a5202f7b0f495449e6ce5467a5bfdfa975c0fad97eaf) in 0.001s. Peers: 5","throwable":""}
{"timestamp":"2025-09-23T11:59:20,008","container":"259647b50f1a","level":"INFO","thread":"EthScheduler-Workers-0","class":"PersistBlockTask","message":"Imported #225 / 0 tx / 0 om / 0 (0.0%) gas / (0xda3abc8c613e15b42c8eef5db8b03030d8b25aa4cecb5783eb3e3ca628f0d86f) in 0.001s. Peers: 5","throwable":""}
{"timestamp":"2025-09-23T11:59:28,009","container":"259647b50f1a","level":"INFO","thread":"EthScheduler-Workers-0","class":"PersistBlockTask","message":"Imported #226 / 0 tx / 0 om / 0 (0.0%) gas / (0xeabd49bce5b9f6cf7687edf1ebcfd63c2ef604decd68d90f9782c90bd3391a68) in 0.001s. Peers: 5","throwable":""}
{"timestamp":"2025-09-23T11:59:36,920","container":"259647b50f1a","level":"INFO","thread":"EthScheduler-Workers-0","class":"PersistBlockTask","message":"Imported #227 / 0 tx / 0 om / 0 (0.0%) gas / (0xdff43091850e3dd25c8a85956287713d535865c0b4f3dddf94741c4ed81dcf52) in 0.001s. Peers: 5","throwable":""}
{"timestamp":"2025-09-23T11:59:45,009","container":"259647b50f1a","level":"INFO","thread":"EthScheduler-Workers-0","class":"PersistBlockTask","message":"Imported #228 / 0 tx / 0 om / 0 (0.0%) gas / (0x1b6ba9b0239d2054fc4adc0fe70f139a069f7a64c6f9a31ce09591f5530623df) in 0.001s. Peers: 5","throwable":""}
{"timestamp":"2025-09-23T11:59:53,007","container":"259647b50f1a","level":"INFO","thread":"EthScheduler-Workers-0","class":"PersistBlockTask","message":"Imported #229 / 0 tx / 0 om / 0 (0.0%) gas / (0x4b56fa5e5b439afed04dba8507e03a908d7d5f41a1a483ecfe66808db63bb2c7) in 0.001s. Peers: 5","throwable":""}
{"timestamp":"2025-09-23T12:00:01,009","container":"259647b50f1a","level":"INFO","thread":"EthScheduler-Workers-0","class":"PersistBlockTask","message":"Imported #230 / 0 tx / 0 om / 0 (0.0%) gas / (0xbcd06281c7868dcd73138a20a588b7028f0646c5b51d1947b89e0d66087d85ca) in 0.001s. Peers: 5","throwable":""}
{"timestamp":"2025-09-23T12:00:09,896","container":"259647b50f1a","level":"INFO","thread":"EthScheduler-Workers-0","class":"PersistBlockTask","message":"Imported #231 / 0 tx / 0 om / 0 (0.0%) gas / (0xff59c5e36e2c09590da853b213c3959b4e8efbbf1bbfc56416af65b369ff911d) in 0.001s. Peers: 5","throwable":""}
{"timestamp":"2025-09-23T12:00:18,008","container":"259647b50f1a","level":"INFO","thread":"EthScheduler-Workers-0","class":"PersistBlockTask","message":"Imported #232 / 0 tx / 0 om / 0 (0.0%) gas / (0xb96a5f0ab82f972269f7a26999cdb216a9e35d41a65b4dea8799ccd22b891566) in 0.001s. Peers: 5","throwable":""}
{"timestamp":"2025-09-23T12:00:26,008","container":"259647b50f1a","level":"INFO","thread":"EthScheduler-Workers-0","class":"PersistBlockTask","message":"Imported #233 / 0 tx / 0 om / 0 (0.0%) gas / (0xfbd6fc8e9dbec55d610edab0a09626e65862bb18aed0014282239f2c0d9299f7) in 0.001s. Peers: 5","throwable":""}
{"timestamp":"2025-09-23T12:00:34,007","container":"259647b50f1a","level":"INFO","thread":"EthScheduler-Workers-0","class":"PersistBlockTask","message":"Imported #234 / 0 tx / 0 om / 0 (0.0%) gas / (0x479a814c8dcc1c9177699b40aee8bbf458d9475ad18fb50088a46377adb74220) in 0.001s. Peers: 5","throwable":""}
{"timestamp":"2025-09-23T12:00:42,859","container":"259647b50f1a","level":"INFO","thread":"EthScheduler-Workers-0","class":"PersistBlockTask","message":"Imported #235 / 0 tx / 0 om / 0 (0.0%) gas / (0xb006b8b86741daecab468b0d76e532f575204463df9379d1547e320809b4b016) in 0.002s. Peers: 5","throwable":""}
{"timestamp":"2025-09-23T12:00:51,008","container":"259647b50f1a","level":"INFO","thread":"EthScheduler-Workers-0","class":"PersistBlockTask","message":"Imported #236 / 0 tx / 0 om / 0 (0.0%) gas / (0x20af719bcfb92fbe207b44e97ea88dc4df1350553a5f42c89fe5797e40aff35b) in 0.001s. Peers: 5","throwable":""}
{"timestamp":"2025-09-23T12:00:59,009","container":"259647b50f1a","level":"INFO","thread":"EthScheduler-Workers-0","class":"PersistBlockTask","message":"Imported #237 / 0 tx / 0 om / 0 (0.0%) gas / (0x2af33331edb047157e9ced9aa9b34da2e026ec23bd9391b457822e9818253297) in 0.001s. Peers: 5","throwable":""}
{"timestamp":"2025-09-23T12:01:07,008","container":"259647b50f1a","level":"INFO","thread":"EthScheduler-Workers-0","class":"PersistBlockTask","message":"Imported #238 / 0 tx / 0 om / 0 (0.0%) gas / (0x7f85356503163610768e1a618540dff33ed19cc0d6d47b144b1e11b2d9e550ec) in 0.001s. Peers: 5","throwable":""}
{"timestamp":"2025-09-23T12:01:15,944","container":"259647b50f1a","level":"INFO","thread":"EthScheduler-Workers-0","class":"PersistBlockTask","message":"Imported #239 / 0 tx / 0 om / 0 (0.0%) gas / (0x0cdbbf4d52a5fc6f35ee2747b796b0237b9087689a4304aecc67c1b0e7a40337) in 0.002s. Peers: 5","throwable":""}
{"timestamp":"2025-09-23T12:01:24,009","container":"259647b50f1a","level":"INFO","thread":"EthScheduler-Workers-0","class":"PersistBlockTask","message":"Imported #240 / 0 tx / 0 om / 0 (0.0%) gas / (0x70e8b9d99f5c7d14f8f9897135c2aad6c24b9ed2cbeeeaf634ef8024930bebc5) in 0.001s. Peers: 5","throwable":""}
{"timestamp":"2025-09-23T12:01:32,008","container":"259647b50f1a","level":"INFO","thread":"EthScheduler-Workers-0","class":"PersistBlockTask","message":"Imported #241 / 0 tx / 0 om / 0 (0.0%) gas / (0x7402ef4e9db71f7a54aaccd1bb8ae3ef2b94eed2912a8c87021874cdd79beacf) in 0.001s. Peers: 5","throwable":""}
{"timestamp":"2025-09-23T12:01:40,011","container":"259647b50f1a","level":"INFO","thread":"EthScheduler-Workers-0","class":"PersistBlockTask","message":"Imported #242 / 0 tx / 0 om / 0 (0.0%) gas / (0xd1c98eb22b095de82a18b8c8fa636a7cb87248ec2842b65333be107c98e4b057) in 0.001s. Peers: 5","throwable":""}
{"timestamp":"2025-09-23T12:01:48,957","container":"259647b50f1a","level":"INFO","thread":"EthScheduler-Workers-0","class":"PersistBlockTask","message":"Imported #243 / 0 tx / 0 om / 0 (0.0%) gas / (0x19ca617ac36de5de7b7c7812caae5911d893de24ae6a4d8d768713a5f8c5ada1) in 0.001s. Peers: 5","throwable":""}
{"timestamp":"2025-09-23T12:01:57,012","container":"259647b50f1a","level":"INFO","thread":"EthScheduler-Workers-0","class":"PersistBlockTask","message":"Imported #244 / 0 tx / 0 om / 0 (0.0%) gas / (0x7887d524f2a0c3dc6549204a04d544319ef5813801b278e62f8eb55d841cac13) in 0.002s. Peers: 5","throwable":""}
{"timestamp":"2025-09-23T12:02:05,008","container":"259647b50f1a","level":"INFO","thread":"EthScheduler-Workers-0","class":"PersistBlockTask","message":"Imported #245 / 0 tx / 0 om / 0 (0.0%) gas / (0xe4d2bfe585d2173b4202833e6902f6335e880e67e0bc8c0550768a545e9b3383) in 0.001s. Peers: 5","throwable":""}
{"timestamp":"2025-09-23T12:02:13,009","container":"259647b50f1a","level":"INFO","thread":"EthScheduler-Workers-0","class":"PersistBlockTask","message":"Imported #246 / 0 tx / 0 om / 0 (0.0%) gas / (0xfaa7dc1f5d70be5ae9a443d23ae82c2c087c3bf3ff2da9d53b3b56d1532b5cea) in 0.001s. Peers: 5","throwable":""}
{"timestamp":"2025-09-23T12:02:21,971","container":"259647b50f1a","level":"INFO","thread":"EthScheduler-Workers-0","class":"PersistBlockTask","message":"Imported #247 / 0 tx / 0 om / 0 (0.0%) gas / (0x7e58dc58f068daebe3c11c177dbf12a80718bc80dabd38c6c9bd100999126be2) in 0.001s. Peers: 5","throwable":""}
{"timestamp":"2025-09-23T12:02:30,008","container":"259647b50f1a","level":"INFO","thread":"EthScheduler-Workers-0","class":"PersistBlockTask","message":"Imported #248 / 0 tx / 0 om / 0 (0.0%) gas / (0xb5768b37363419b4aa942b7cf621c68240bfcb13da88978f7229ee90631fa03d) in 0.001s. Peers: 5","throwable":""}
{"timestamp":"2025-09-23T12:02:38,009","container":"259647b50f1a","level":"INFO","thread":"EthScheduler-Workers-0","class":"PersistBlockTask","message":"Imported #249 / 0 tx / 0 om / 0 (0.0%) gas / (0x7a1a999299dfee8e13e796a131567b6f63ca75eb2ce7045f0d990c2ff77f1cfb) in 0.002s. Peers: 5","throwable":""}
{"timestamp":"2025-09-23T12:02:46,009","container":"259647b50f1a","level":"INFO","thread":"EthScheduler-Workers-0","class":"PersistBlockTask","message":"Imported #250 / 0 tx / 0 om / 0 (0.0%) gas / (0x1d26acf45d65e35bc3a375b4adc71330bb2d502cee994a7f45da5e039c10da37) in 0.001s. Peers: 5","throwable":""}
{"timestamp":"2025-09-23T12:02:54,924","container":"259647b50f1a","level":"INFO","thread":"EthScheduler-Workers-0","class":"PersistBlockTask","message":"Imported #251 / 0 tx / 0 om / 0 (0.0%) gas / (0x1cc52c5016b477ddbb3ff255fb527b0e02b248349bfadb1be529389ff114c671) in 0.002s. Peers: 5","throwable":""}
{"timestamp":"2025-09-23T12:03:03,009","container":"259647b50f1a","level":"INFO","thread":"EthScheduler-Workers-0","class":"PersistBlockTask","message":"Imported #252 / 0 tx / 0 om / 0 (0.0%) gas / (0x9953b6b3d47b3d59a06b8b0f634620a799ade08ef91454c0c75bc9f9b714a5af) in 0.001s. Peers: 5","throwable":""}
{"timestamp":"2025-09-23T12:03:11,008","container":"259647b50f1a","level":"INFO","thread":"EthScheduler-Workers-0","class":"PersistBlockTask","message":"Imported #253 / 0 tx / 0 om / 0 (0.0%) gas / (0x2f3e7982f7a87803ef318190530c1a3f64351e126dbcb0cbafbf38049f08544e) in 0.001s. Peers: 5","throwable":""}
{"timestamp":"2025-09-23T12:03:19,009","container":"259647b50f1a","level":"INFO","thread":"EthScheduler-Workers-0","class":"PersistBlockTask","message":"Imported #254 / 0 tx / 0 om / 0 (0.0%) gas / (0xbc60ae3a77b2c55fc0f769a041e4e8ffa972dee06d4f3707075e9ebc474457db) in 0.001s. Peers: 5","throwable":""}
{"timestamp":"2025-09-23T12:03:30,477","container":"259647b50f1a","level":"INFO","thread":"BftProcessorExecutor-QBFT-0","class":"BftProcessor","message":"Shutting down BFT event processor","throwable":""}
{"timestamp":"2025-09-23T12:03:30,479","container":"259647b50f1a","level":"INFO","thread":"BesuCommand-Shutdown-Hook","class":"DefaultSynchronizer","message":"Stopping synchronizer","throwable":""}
{"timestamp":"2025-09-23T12:03:30,480","container":"259647b50f1a","level":"INFO","thread":"BesuCommand-Shutdown-Hook","class":"NetworkRunner","message":"Stopping Network.","throwable":""}
{"timestamp":"2025-09-23T12:03:30,485","container":"259647b50f1a","level":"INFO","thread":"BesuCommand-Shutdown-Hook","class":"EthProtocolManager","message":"Stopping eth Subprotocol.","throwable":""}
{"timestamp":"2025-09-23T12:03:30,488","container":"259647b50f1a","level":"INFO","thread":"BesuCommand-Shutdown-Hook","class":"EthProtocolManager","message":"eth Subprotocol stopped.","throwable":""}
{"timestamp":"2025-09-23T12:03:30,488","container":"259647b50f1a","level":"INFO","thread":"BesuCommand-Shutdown-Hook","class":"NetworkRunner","message":"Network stopped.","throwable":""}
{"timestamp":"2025-09-23T12:03:30,488","container":"259647b50f1a","level":"INFO","thread":"BesuCommand-Shutdown-Hook","class":"AutoTransactionLogBloomCachingService","message":"Shutting down Auto transaction logs caching service.","throwable":""}
{"timestamp":"2025-09-23T12:03:30,490","container":"259647b50f1a","level":"INFO","thread":"BesuCommand-Shutdown-Hook","class":"DockerNatManager","message":"Stopping docker NAT manager.","throwable":""}
